BL51 BANKED LINKER/LOCATER V6.22.2.0                                                    03/04/2021  15:54:25  PAGE 1


BL51 BANKED LINKER/LOCATER V6.22.2.0, INVOKED BY:
F:\PROGRAM FILES (X86)\MDK\C51\BIN\BL51.EXE ..\OBJ\main.obj, ..\OBJ\delay.obj, ..\OBJ\GPIO.obj, ..\OBJ\I2C.obj, ..\OBJ\U
>> ART.obj, ..\OBJ\LCD1602.obj, ..\OBJ\SHT30.obj, ..\OBJ\protocol.obj, ..\OBJ\mcu_api.obj, ..\OBJ\system.obj TO ..\OBJ\P
>> roject PRINT (.\Listings\Project.m51) RAMSIZE (256)


MEMORY MODEL: LARGE WITH FLOATING POINT ARITHMETIC


INPUT MODULES INCLUDED:
  ..\OBJ\main.obj (MAIN)
  ..\OBJ\delay.obj (DELAY)
  ..\OBJ\GPIO.obj (GPIO)
  ..\OBJ\I2C.obj (I2C)
  ..\OBJ\UART.obj (UART)
  ..\OBJ\LCD1602.obj (LCD1602)
  ..\OBJ\SHT30.obj (SHT30)
  ..\OBJ\protocol.obj (PROTOCOL)
  ..\OBJ\mcu_api.obj (MCU_API)
  ..\OBJ\system.obj (SYSTEM)
  F:\PROGRAM FILES (X86)\MDK\C51\LIB\C51FPL.LIB (?C?FPADD)
  F:\PROGRAM FILES (X86)\MDK\C51\LIB\C51FPL.LIB (?C?FPMUL)
  F:\PROGRAM FILES (X86)\MDK\C51\LIB\C51FPL.LIB (?C?FPDIV)
  F:\PROGRAM FILES (X86)\MDK\C51\LIB\C51FPL.LIB (?C?FCAST)
  F:\PROGRAM FILES (X86)\MDK\C51\LIB\C51FPL.LIB (?C?CASTF)
  F:\PROGRAM FILES (X86)\MDK\C51\LIB\C51FPL.LIB (?C?FPGETOPN)
  F:\PROGRAM FILES (X86)\MDK\C51\LIB\C51L.LIB (?C_STARTUP)
  F:\PROGRAM FILES (X86)\MDK\C51\LIB\C51L.LIB (?C?COPY)
  F:\PROGRAM FILES (X86)\MDK\C51\LIB\C51L.LIB (?C?CLDPTR)
  F:\PROGRAM FILES (X86)\MDK\C51\LIB\C51L.LIB (?C?CLDOPTR)
  F:\PROGRAM FILES (X86)\MDK\C51\LIB\C51L.LIB (?C?CSTPTR)
  F:\PROGRAM FILES (X86)\MDK\C51\LIB\C51L.LIB (?C?CSTOPTR)
  F:\PROGRAM FILES (X86)\MDK\C51\LIB\C51L.LIB (?C?UIDIV)
  F:\PROGRAM FILES (X86)\MDK\C51\LIB\C51L.LIB (?C?IILDX)
  F:\PROGRAM FILES (X86)\MDK\C51\LIB\C51L.LIB (?C?ILDIX)
  F:\PROGRAM FILES (X86)\MDK\C51\LIB\C51L.LIB (?C?ULDIV)
  F:\PROGRAM FILES (X86)\MDK\C51\LIB\C51L.LIB (?C?LNEG)
  F:\PROGRAM FILES (X86)\MDK\C51\LIB\C51L.LIB (?C?ULCMP)
  F:\PROGRAM FILES (X86)\MDK\C51\LIB\C51L.LIB (?C?ULSHR)
  F:\PROGRAM FILES (X86)\MDK\C51\LIB\C51L.LIB (?C?LSHL)
  F:\PROGRAM FILES (X86)\MDK\C51\LIB\C51L.LIB (?C?LLDOPTR0)
  F:\PROGRAM FILES (X86)\MDK\C51\LIB\C51L.LIB (?C?LSTXDATA)
  F:\PROGRAM FILES (X86)\MDK\C51\LIB\C51L.LIB (?C?LSTKXDATA)
  F:\PROGRAM FILES (X86)\MDK\C51\LIB\C51L.LIB (?C?CCASE)
  F:\PROGRAM FILES (X86)\MDK\C51\LIB\C51L.LIB (?C_INIT)
  F:\PROGRAM FILES (X86)\MDK\C51\LIB\C51L.LIB (?C?LLDIDATA0)
  F:\PROGRAM FILES (X86)\MDK\C51\LIB\C51L.LIB (?C?LLDXDATA0)
  F:\PROGRAM FILES (X86)\MDK\C51\LIB\C51L.LIB (?C?LLDPDATA0)
  F:\PROGRAM FILES (X86)\MDK\C51\LIB\C51L.LIB (?C?LLDCODE0)


LINK MAP OF MODULE:  ..\OBJ\Project (MAIN)


            TYPE    BASE      LENGTH    RELOCATION   SEGMENT NAME
            -----------------------------------------------------

            * * * * * * *   D A T A   M E M O R Y   * * * * * * *
BL51 BANKED LINKER/LOCATER V6.22.2.0                                                  03/04/2021  15:54:25  PAGE 2


            REG     0000H     0008H     ABSOLUTE     "REG BANK 0"
                    0008H     0018H                  *** GAP ***
            BIT     0020H.0   0000H.2   UNIT         ?BI?MAIN
                    0020H.2   0000H.6                *** GAP ***
            IDATA   0021H     0001H     UNIT         ?STACK

            * * * * * * *  X D A T A   M E M O R Y  * * * * * * *
            XDATA   0000H     020EH     UNIT         ?XD?UART
            XDATA   020EH     0080H     UNIT         ?XD?I2C
            XDATA   028EH     0078H     UNIT         ?XD?SYSTEM
            XDATA   0306H     0046H     UNIT         ?XD?MAIN
            XDATA   034CH     0031H     UNIT         _XDATA_GROUP_
            XDATA   037DH     000BH     UNIT         ?XD?SHT30
            XDATA   0388H     0009H     UNIT         ?XD?_MY_MEMSET?MCU_API
            XDATA   0391H     0009H     UNIT         ?XD?_MY_STRCPY?MCU_API
            XDATA   039AH     0007H     UNIT         ?XD?_BYTE_TO_INT?MCU_API
            XDATA   03A1H     0007H     UNIT         ?XD?_MCU_DP_FAULT_UPDATE?MCU_API
            XDATA   03A8H     0006H     UNIT         ?XD?PROTOCOL
            XDATA   03AEH     0006H     UNIT         ?XD?_MY_STRCMP?MCU_API
            XDATA   03B4H     0006H     UNIT         ?XD?_MCU_DP_RAW_UPDATE?MCU_API
            XDATA   03BAH     0006H     UNIT         ?XD?_MCU_DP_STRING_UPDATE?MCU_API
            XDATA   03C0H     0005H     UNIT         ?XD?_WRITENBYTE?I2C
            XDATA   03C5H     0005H     UNIT         ?XD?_READNBYTE?I2C
            XDATA   03CAH     0005H     UNIT         ?XD?_UART_RECEIVE_BUFF_INPUT?MCU_API
            XDATA   03CFH     0004H     UNIT         ?XD?_INT_TO_BYTE?MCU_API
            XDATA   03D3H     0002H     UNIT         ?XD?_MCU_GET_DP_DOWNLOAD_ENUM?MCU_API
            XDATA   03D5H     0002H     UNIT         ?XD?_MCU_GET_DP_DOWNLOAD_VALUE?MCU_API
            XDATA   03D7H     0002H     UNIT         ?XD?MCU_API
            XDATA   03D9H     0001H     UNIT         ?XD?_MCU_DP_ENUM_UPDATE?MCU_API

            * * * * * * *   C O D E   M E M O R Y   * * * * * * *
            CODE    0000H     0003H     ABSOLUTE     
            CODE    0003H     001EH     UNIT         ?PR?RECVACK?I2C
                    0021H     0002H                  *** GAP ***
            CODE    0023H     0003H     ABSOLUTE     
            CODE    0026H     001CH     UNIT         ?PR?_READBYTE?I2C
                    0042H     0001H                  *** GAP ***
            CODE    0043H     0003H     ABSOLUTE     
            CODE    0046H     0075H     UNIT         ?PR?_MY_STRLEN?MCU_API
            CODE    00BBH     0007H     UNIT         ?PR?LCD1602_CLEARDISPLAY?LCD1602
                    00C2H     0001H                  *** GAP ***
            CODE    00C3H     0003H     ABSOLUTE     
            CODE    00C6H     072AH     UNIT         ?C?LIB_CODE
            CODE    07F0H     041AH     UNIT         ?PR?_UART_CONFIGURATION?UART
            CODE    0C0AH     0277H     UNIT         ?PR?_GPIO_INILIZE?GPIO
            CODE    0E81H     01F8H     UNIT         ?PR?WIFI_UART_SERVICE?MCU_API
            CODE    1079H     0167H     UNIT         ?PR?_MY_MEMCPY?MCU_API
            CODE    11E0H     015FH     UNIT         ?PR?_MCU_DP_FAULT_UPDATE?MCU_API
            CODE    133FH     0159H     UNIT         ?PR?_DATA_HANDLE?SYSTEM
            CODE    1498H     0138H     UNIT         ?PR?_BYTE_TO_INT?MCU_API
            CODE    15D0H     0119H     UNIT         ?PR?PRODUCT_INFO_UPDATE?SYSTEM
            CODE    16E9H     0106H     UNIT         ?PR?_I2C_INIT?I2C
            CODE    17EFH     00D8H     UNIT         ?PR?SHT30_DATA_PROCESS?SHT30
            CODE    18C7H     00D5H     UNIT         ?PR?LCD_DISPLAY?MAIN
            CODE    199CH     00B6H     UNIT         ?PR?MAIN?MAIN
            CODE    1A52H     00AEH     UNIT         ?PR?KEY_HANDLE?MAIN
            CODE    1B00H     00AEH     UNIT         ?PR?UART2_INT?UART
BL51 BANKED LINKER/LOCATER V6.22.2.0                                                  03/04/2021  15:54:25  PAGE 3


            CODE    1BAEH     00ACH     UNIT         ?PR?_UART_RECEIVE_INPUT?MCU_API
            CODE    1C5AH     00A8H     UNIT         ?PR?UART1_INT?UART
            CODE    1D02H     00A7H     UNIT         ?PR?_MCU_DP_VALUE_UPDATE?MCU_API
            CODE    1DA9H     00A0H     UNIT         ?PR?_LCD_WRITE?LCD1602
            CODE    1E49H     0096H     UNIT         ?PR?SET_HANDLE?MAIN
            CODE    1EDFH     0093H     UNIT         ?PR?_MY_STRCPY?MCU_API
            CODE    1F72H     0090H     UNIT         ?PR?GPIO_CONFIG?MAIN
            CODE    2002H     008CH     UNIT         ?C_C51STARTUP
            CODE    208EH     0086H     UNIT         ?PR?_DATA_POINT_HANDLE?SYSTEM
            CODE    2114H     0073H     UNIT         ?PR?_MY_STRCMP?MCU_API
            CODE    2187H     0071H     UNIT         ?PR?_HEX_TO_BCD?MCU_API
            CODE    21F8H     0070H     UNIT         ?PR?_READ_SHT30?SHT30
            CODE    2268H     006CH     UNIT         ?PR?_SET_WIFI_UART_BUFFER?SYSTEM
            CODE    22D4H     006AH     UNIT         ?C_INITSEG
            CODE    233EH     006AH     UNIT         ?PR?_CRC8_COMPUTE?SHT30
            CODE    23A8H     0069H     UNIT         ?PR?_WIFI_UART_WRITE_FRAME?SYSTEM
            CODE    2411H     0065H     UNIT         ?PR?LCD_INIT?LCD1602
            CODE    2476H     0063H     UNIT         ?PR?TAKE_BYTE_RXBUFF?SYSTEM
            CODE    24D9H     0060H     UNIT         ?PR?_INT_TO_BYTE?MCU_API
            CODE    2539H     005BH     UNIT         ?PR?_MCU_DP_RAW_UPDATE?MCU_API
            CODE    2594H     005BH     UNIT         ?PR?_MCU_DP_STRING_UPDATE?MCU_API
            CODE    25EFH     005AH     UNIT         ?PR?_HANDLE_CHAR_HUM?MAIN
            CODE    2649H     0059H     UNIT         ?PR?_HANDLE_CHAR_TEMP?MAIN
            CODE    26A2H     0058H     UNIT         ?PR?UART_CONFIG?MAIN
            CODE    26FAH     0058H     UNIT         ?PR?_MY_MEMSET?MCU_API
            CODE    2752H     0054H     UNIT         ?PR?_WIFI_UART_WRITE_DATA?SYSTEM
            CODE    27A6H     004AH     UNIT         ?PR?_GET_CHECK_SUM?SYSTEM
            CODE    27F0H     0047H     UNIT         ?PR?_HANDLE_CHAR_SETTEMP?MAIN
            CODE    2837H     0044H     UNIT         ?PR?_MCU_DP_BOOL_UPDATE?MCU_API
            CODE    287BH     003FH     UNIT         ?PR?_UART_RECEIVE_BUFF_INPUT?MCU_API
            CODE    28BAH     003EH     UNIT         ?PR?_MCU_DP_ENUM_UPDATE?MCU_API
            CODE    28F8H     003BH     UNIT         ?CO?SYSTEM
            CODE    2933H     0039H     UNIT         ?PR?_READNBYTE?I2C
            CODE    296CH     0037H     UNIT         ?PR?_WRITENBYTE?I2C
            CODE    29A3H     0036H     UNIT         ?PR?ALL_DATA_UPDATE?PROTOCOL
            CODE    29D9H     0035H     UNIT         ?PR?WITH_DATA_RXBUFF?SYSTEM
            CODE    2A0EH     002FH     UNIT         ?PR?_GET_DOWMLOAD_DPID_INDEX?SYSTEM
            CODE    2A3DH     002EH     UNIT         ?PR?_LCD1602_DISPLAY_NOXY?LCD1602
            CODE    2A6BH     002CH     UNIT         ?PR?_TX2_WRITE2BUFF?UART
            CODE    2A97H     002CH     UNIT         ?PR?_SET_WIFI_UART_BYTE?SYSTEM
            CODE    2AC3H     002BH     UNIT         ?PR?_TX1_WRITE2BUFF?UART
            CODE    2AEEH     002BH     UNIT         ?PR?SHT30_INIT?SHT30
            CODE    2B19H     0029H     UNIT         ?PR?_LCD1602_GOTOXY?LCD1602
            CODE    2B42H     0028H     UNIT         ?PR?_LCD_EN?LCD1602
            CODE    2B6AH     0028H     UNIT         ?PR?WIFI_PROTOCOL_INIT?MCU_API
            CODE    2B92H     0027H     UNIT         ?PR?I2C_CONFIG?MAIN
            CODE    2BB9H     0027H     UNIT         ?PR?HEAT_BEAT_CHECK?SYSTEM
            CODE    2BE0H     0025H     UNIT         ?PR?_SHT30_CRC8_CHECK?SHT30
            CODE    2C05H     001EH     UNIT         ?PR?_DP_DOWNLOAD_SWITCH_HANDLE?PROTOCOL
            CODE    2C23H     001BH     UNIT         ?PR?_WRITEBYTE?I2C
            CODE    2C3EH     001BH     UNIT         ?PR?_DP_DOWNLOAD_HANDLE?PROTOCOL
            CODE    2C59H     0017H     UNIT         ?PR?_DELAY_MS?DELAY
            CODE    2C70H     0017H     UNIT         ?PR?_MCU_SET_WIFI_MODE?MCU_API
            CODE    2C87H     0013H     UNIT         ?PR?I2C_ISR?I2C
            CODE    2C9AH     0013H     UNIT         ?PR?_PRINTSTRING1?UART
            CODE    2CADH     0013H     UNIT         ?PR?_PRINTSTRING2?UART
            CODE    2CC0H     0011H     UNIT         ?PR?_DELAY_S?DELAY
BL51 BANKED LINKER/LOCATER V6.22.2.0                                                  03/04/2021  15:54:25  PAGE 4


            CODE    2CD1H     0010H     UNIT         ?PR?_UART_TRANSMIT_OUTPUT?PROTOCOL
            CODE    2CE1H     000FH     UNIT         ?PR?RECVDATA?I2C
            CODE    2CF0H     000FH     UNIT         ?PR?SENDNAK?I2C
            CODE    2CFFH     000EH     UNIT         ?PR?_DELAY_US?DELAY
            CODE    2D0DH     000EH     UNIT         ?PR?_SENDDATA?I2C
            CODE    2D1BH     000EH     UNIT         ?PR?SENDACK?I2C
            CODE    2D29H     000EH     UNIT         ?PR?MCU_RESET_WIFI?MCU_API
            CODE    2D37H     000DH     UNIT         ?PR?_MCU_GET_DP_DOWNLOAD_BOOL?MCU_API
            CODE    2D44H     000DH     UNIT         ?PR?_MCU_GET_DP_DOWNLOAD_ENUM?MCU_API
            CODE    2D51H     000CH     UNIT         ?PR?WAIT?I2C
            CODE    2D5DH     000BH     UNIT         ?PR?_MCU_GET_DP_DOWNLOAD_VALUE?MCU_API
            CODE    2D68H     000AH     UNIT         ?PR?MCU_START_WIFITEST?MCU_API
            CODE    2D72H     000AH     UNIT         ?PR?GET_MCU_WIFI_MODE?SYSTEM
            CODE    2D7CH     0009H     UNIT         ?PR?START?I2C
            CODE    2D85H     0009H     UNIT         ?PR?STOP?I2C
            CODE    2D8EH     0009H     UNIT         ?PR?_WIFI_TEST_RESULT?PROTOCOL
            CODE    2D97H     0006H     UNIT         ?PR?MCU_GET_RESET_WIFI_FLAG?MCU_API
            CODE    2D9DH     0006H     UNIT         ?PR?MCU_GET_WIFIMODE_FLAG?MCU_API
            CODE    2DA3H     0006H     UNIT         ?PR?MCU_GET_WIFI_WORK_STATE?MCU_API
            CODE    2DA9H     0004H     UNIT         ?CO?MAIN
            CODE    2DADH     0003H     UNIT         ?PR?GET_DOWNLOAD_CMD_TOTAL?PROTOCOL



OVERLAY MAP OF MODULE:   ..\OBJ\Project (MAIN)


SEGMENT                                           XDATA_GROUP
  +--> CALLED SEGMENT                           START    LENGTH
---------------------------------------------------------------
?PR?UART1_INT?UART                              -----    -----
  +--> ?PR?_UART_RECEIVE_INPUT?MCU_API

?PR?_UART_RECEIVE_INPUT?MCU_API                 034DH    0001H

*** NEW ROOT ***************************************************

?PR?UART2_INT?UART                              -----    -----
  +--> ?PR?_UART_RECEIVE_INPUT?MCU_API

*** NEW ROOT ***************************************************

?C_C51STARTUP                                   -----    -----
  +--> ?PR?MAIN?MAIN
  +--> ?C_INITSEG

?PR?MAIN?MAIN                                   -----    -----
  +--> ?PR?_DELAY_MS?DELAY
  +--> ?PR?_DELAY_US?DELAY
  +--> ?PR?GPIO_CONFIG?MAIN
  +--> ?PR?I2C_CONFIG?MAIN
  +--> ?PR?UART_CONFIG?MAIN
  +--> ?PR?LCD_INIT?LCD1602
  +--> ?PR?SHT30_INIT?SHT30
  +--> ?PR?WIFI_PROTOCOL_INIT?MCU_API
  +--> ?PR?_LCD1602_GOTOXY?LCD1602
  +--> ?PR?_LCD1602_DISPLAY_NOXY?LCD1602
BL51 BANKED LINKER/LOCATER V6.22.2.0                                                  03/04/2021  15:54:25  PAGE 5


  +--> ?PR?_DELAY_S?DELAY
  +--> ?PR?LCD1602_CLEARDISPLAY?LCD1602
  +--> ?PR?WIFI_UART_SERVICE?MCU_API
  +--> ?PR?MCU_GET_WIFI_WORK_STATE?MCU_API
  +--> ?PR?SHT30_DATA_PROCESS?SHT30
  +--> ?PR?ALL_DATA_UPDATE?PROTOCOL
  +--> ?PR?_HANDLE_CHAR_TEMP?MAIN
  +--> ?PR?_HANDLE_CHAR_HUM?MAIN
  +--> ?PR?LCD_DISPLAY?MAIN
  +--> ?PR?KEY_HANDLE?MAIN
  +--> ?PR?SET_HANDLE?MAIN

?PR?GPIO_CONFIG?MAIN                            034EH    0002H
  +--> ?PR?_GPIO_INILIZE?GPIO

?PR?I2C_CONFIG?MAIN                             034EH    000CH
  +--> ?PR?_I2C_INIT?I2C

?PR?UART_CONFIG?MAIN                            034EH    000CH
  +--> ?PR?_UART_CONFIGURATION?UART

?PR?_UART_CONFIGURATION?UART                    035AH    0009H

?PR?LCD_INIT?LCD1602                            -----    -----
  +--> ?PR?_DELAY_MS?DELAY
  +--> ?PR?_LCD_WRITE?LCD1602
  +--> ?PR?_READBYTE?I2C
  +--> ?PR?_LCD_EN?LCD1602

?PR?_LCD_WRITE?LCD1602                          0351H    0004H
  +--> ?PR?_READBYTE?I2C
  +--> ?PR?_WRITEBYTE?I2C
  +--> ?PR?_DELAY_MS?DELAY
  +--> ?PR?_LCD_EN?LCD1602

?PR?_READBYTE?I2C                               -----    -----
  +--> ?PR?START?I2C
  +--> ?PR?_SENDDATA?I2C
  +--> ?PR?RECVACK?I2C
  +--> ?PR?RECVDATA?I2C
  +--> ?PR?SENDNAK?I2C
  +--> ?PR?STOP?I2C

?PR?START?I2C                                   -----    -----
  +--> ?PR?WAIT?I2C

?PR?_SENDDATA?I2C                               -----    -----
  +--> ?PR?WAIT?I2C

?PR?RECVACK?I2C                                 -----    -----
  +--> ?PR?START?I2C
  +--> ?PR?_SENDDATA?I2C
  +--> ?PR?WAIT?I2C

?PR?RECVDATA?I2C                                -----    -----
  +--> ?PR?WAIT?I2C

BL51 BANKED LINKER/LOCATER V6.22.2.0                                                  03/04/2021  15:54:25  PAGE 6


?PR?SENDNAK?I2C                                 -----    -----
  +--> ?PR?WAIT?I2C

?PR?STOP?I2C                                    -----    -----
  +--> ?PR?WAIT?I2C

?PR?_WRITEBYTE?I2C                              -----    -----
  +--> ?PR?START?I2C
  +--> ?PR?_SENDDATA?I2C
  +--> ?PR?RECVACK?I2C
  +--> ?PR?STOP?I2C

?PR?_LCD_EN?LCD1602                             0355H    0001H
  +--> ?PR?_WRITEBYTE?I2C
  +--> ?PR?_DELAY_MS?DELAY

?PR?SHT30_INIT?SHT30                            -----    -----
  +--> ?PR?START?I2C
  +--> ?PR?_SENDDATA?I2C
  +--> ?PR?RECVACK?I2C
  +--> ?PR?STOP?I2C
  +--> ?PR?_DELAY_MS?DELAY

?PR?_LCD1602_GOTOXY?LCD1602                     034EH    0002H
  +--> ?PR?_LCD_WRITE?LCD1602

?PR?_LCD1602_DISPLAY_NOXY?LCD1602               034EH    0003H
  +--> ?PR?_LCD_WRITE?LCD1602

?PR?LCD1602_CLEARDISPLAY?LCD1602                -----    -----
  +--> ?PR?_LCD_WRITE?LCD1602

?PR?WIFI_UART_SERVICE?MCU_API                   034EH    0004H
  +--> ?PR?WITH_DATA_RXBUFF?SYSTEM
  +--> ?PR?TAKE_BYTE_RXBUFF?SYSTEM
  +--> ?PR?_GET_CHECK_SUM?SYSTEM
  +--> ?PR?_DATA_HANDLE?SYSTEM
  +--> ?PR?_MY_MEMCPY?MCU_API

?PR?_GET_CHECK_SUM?SYSTEM                       036CH    0006H

?PR?_DATA_HANDLE?SYSTEM                         0352H    0009H
  +--> ?PR?HEAT_BEAT_CHECK?SYSTEM
  +--> ?PR?PRODUCT_INFO_UPDATE?SYSTEM
  +--> ?PR?GET_MCU_WIFI_MODE?SYSTEM
  +--> ?PR?_WIFI_UART_WRITE_FRAME?SYSTEM
  +--> ?PR?_DATA_POINT_HANDLE?SYSTEM
  +--> ?PR?ALL_DATA_UPDATE?PROTOCOL
  +--> ?PR?_WIFI_TEST_RESULT?PROTOCOL

?PR?HEAT_BEAT_CHECK?SYSTEM                      -----    -----
  +--> ?PR?_SET_WIFI_UART_BYTE?SYSTEM
  +--> ?PR?_WIFI_UART_WRITE_FRAME?SYSTEM

?PR?_SET_WIFI_UART_BYTE?SYSTEM                  036AH    0002H

?PR?_WIFI_UART_WRITE_FRAME?SYSTEM               036AH    0002H
BL51 BANKED LINKER/LOCATER V6.22.2.0                                                  03/04/2021  15:54:25  PAGE 7


  +--> ?PR?_GET_CHECK_SUM?SYSTEM
  +--> ?PR?_WIFI_UART_WRITE_DATA?SYSTEM

?PR?_WIFI_UART_WRITE_DATA?SYSTEM                036CH    0005H
  +--> ?PR?_UART_TRANSMIT_OUTPUT?PROTOCOL

?PR?_UART_TRANSMIT_OUTPUT?PROTOCOL              0371H    0001H
  +--> ?PR?_TX1_WRITE2BUFF?UART
  +--> ?PR?_TX2_WRITE2BUFF?UART

?PR?PRODUCT_INFO_UPDATE?SYSTEM                  035BH    000BH
  +--> ?CO?SYSTEM
  +--> ?PR?_MY_STRLEN?MCU_API
  +--> ?PR?_SET_WIFI_UART_BUFFER?SYSTEM
  +--> ?PR?_WIFI_UART_WRITE_FRAME?SYSTEM

?PR?_MY_STRLEN?MCU_API                          0366H    0007H

?PR?_SET_WIFI_UART_BUFFER?SYSTEM                0366H    0007H
  +--> ?PR?_MY_MEMCPY?MCU_API

?PR?_MY_MEMCPY?MCU_API                          036DH    0010H

?PR?GET_MCU_WIFI_MODE?SYSTEM                    -----    -----
  +--> ?PR?_WIFI_UART_WRITE_FRAME?SYSTEM

?PR?_DATA_POINT_HANDLE?SYSTEM                   035BH    0007H
  +--> ?PR?_GET_DOWMLOAD_DPID_INDEX?SYSTEM
  +--> ?PR?_DP_DOWNLOAD_HANDLE?PROTOCOL

?PR?_GET_DOWMLOAD_DPID_INDEX?SYSTEM             0362H    0001H
  +--> ?PR?GET_DOWNLOAD_CMD_TOTAL?PROTOCOL

?PR?_DP_DOWNLOAD_HANDLE?PROTOCOL                0362H    0007H
  +--> ?PR?_DP_DOWNLOAD_SWITCH_HANDLE?PROTOCOL

?PR?_DP_DOWNLOAD_SWITCH_HANDLE?PROTOCOL         -----    -----
  +--> ?PR?_MCU_GET_DP_DOWNLOAD_BOOL?MCU_API
  +--> ?PR?_MCU_DP_BOOL_UPDATE?MCU_API

?PR?_MCU_GET_DP_DOWNLOAD_BOOL?MCU_API           0369H    0002H

?PR?_MCU_DP_BOOL_UPDATE?MCU_API                 0369H    0001H
  +--> ?PR?_SET_WIFI_UART_BYTE?SYSTEM
  +--> ?PR?_WIFI_UART_WRITE_FRAME?SYSTEM

?PR?ALL_DATA_UPDATE?PROTOCOL                    -----    -----
  +--> ?PR?_MCU_DP_VALUE_UPDATE?MCU_API
  +--> ?PR?_MCU_DP_BOOL_UPDATE?MCU_API

?PR?_MCU_DP_VALUE_UPDATE?MCU_API                035BH    0005H
  +--> ?PR?_SET_WIFI_UART_BYTE?SYSTEM
  +--> ?PR?_WIFI_UART_WRITE_FRAME?SYSTEM

?PR?_WIFI_TEST_RESULT?PROTOCOL                  035BH    0002H

?PR?SHT30_DATA_PROCESS?SHT30                    034EH    0006H
BL51 BANKED LINKER/LOCATER V6.22.2.0                                                  03/04/2021  15:54:25  PAGE 8


  +--> ?PR?_READ_SHT30?SHT30
  +--> ?PR?_SHT30_CRC8_CHECK?SHT30

?PR?_READ_SHT30?SHT30                           0354H    0004H
  +--> ?PR?START?I2C
  +--> ?PR?_SENDDATA?I2C
  +--> ?PR?RECVACK?I2C
  +--> ?PR?RECVDATA?I2C
  +--> ?PR?SENDACK?I2C
  +--> ?PR?SENDNAK?I2C
  +--> ?PR?STOP?I2C

?PR?SENDACK?I2C                                 -----    -----
  +--> ?PR?WAIT?I2C

?PR?_SHT30_CRC8_CHECK?SHT30                     0354H    0005H
  +--> ?PR?_CRC8_COMPUTE?SHT30

?PR?_CRC8_COMPUTE?SHT30                         0359H    0005H

?PR?_HANDLE_CHAR_TEMP?MAIN                      -----    -----
  +--> ?PR?_LCD1602_GOTOXY?LCD1602
  +--> ?PR?_LCD1602_DISPLAY_NOXY?LCD1602

?PR?_HANDLE_CHAR_HUM?MAIN                       -----    -----
  +--> ?PR?_LCD1602_GOTOXY?LCD1602
  +--> ?PR?_LCD1602_DISPLAY_NOXY?LCD1602

?PR?LCD_DISPLAY?MAIN                            -----    -----
  +--> ?PR?_HANDLE_CHAR_SETTEMP?MAIN
  +--> ?PR?_LCD1602_GOTOXY?LCD1602
  +--> ?PR?_LCD1602_DISPLAY_NOXY?LCD1602
  +--> ?CO?MAIN

?PR?KEY_HANDLE?MAIN                             -----    -----
  +--> ?PR?_DELAY_S?DELAY
  +--> ?PR?MCU_RESET_WIFI?MCU_API
  +--> ?PR?_DELAY_MS?DELAY

?PR?MCU_RESET_WIFI?MCU_API                      -----    -----
  +--> ?PR?_WIFI_UART_WRITE_FRAME?SYSTEM



SYMBOL TABLE OF MODULE:  ..\OBJ\Project (MAIN)

  VALUE           TYPE          NAME
  ----------------------------------

  -------         MODULE        MAIN
  C:0000H         SYMBOL        _ICE_DUMMY_
  X:0306H         PUBLIC        Key_Model
  X:0307H         PUBLIC        Set_Temp_Close
  D:0080H         PUBLIC        P0
  D:0090H         PUBLIC        P1
  D:00A0H         PUBLIC        P2
  D:00B0H         PUBLIC        P3
BL51 BANKED LINKER/LOCATER V6.22.2.0                                                  03/04/2021  15:54:25  PAGE 9


  D:00C0H         PUBLIC        P4
  D:00C8H         PUBLIC        P5
  B:00A8H.7       PUBLIC        EA
  D:00E8H         PUBLIC        P6
  D:00F8H         PUBLIC        P7
  C:1F72H         PUBLIC        GPIO_config
  X:0309H         PUBLIC        Set_Value
  D:00A8H         PUBLIC        IE
  C:18C7H         PUBLIC        LCD_Display
  C:26A2H         PUBLIC        UART_config
  C:2B92H         PUBLIC        I2C_config
  D:00B8H         PUBLIC        IP
  X:030EH         PUBLIC        Set_Temp_Open
  D:00D8H         PUBLIC        CCON
  C:199CH         PUBLIC        main
  X:0310H         PUBLIC        Table_OFF
  C:2649H         PUBLIC        _Handle_Char_Temp
  X:0312H         PUBLIC        Temperatur
  B:0090H.2       PUBLIC        P12
  B:0090H.3       PUBLIC        P13
  D:0098H         PUBLIC        SCON
  D:0088H         PUBLIC        TCON
  B:00B0H.4       PUBLIC        P34
  B:0090H.6       PUBLIC        P16
  B:00B0H.5       PUBLIC        P35
  B:0090H.7       PUBLIC        P17
  X:0318H         PUBLIC        Set_Hum
  B:00C8H.4       PUBLIC        P54
  B:00B0H.6       PUBLIC        P36
  B:0020H.0       PUBLIC        Set_Handle_Flag
  B:00B0H.7       PUBLIC        P37
  C:25EFH         PUBLIC        _Handle_Char_Hum
  X:031AH         PUBLIC        table1
  X:032BH         PUBLIC        table2
  D:00F0H         PUBLIC        B
  X:033CH         PUBLIC        Table_K1
  D:00E0H         PUBLIC        ACC
  X:0340H         PUBLIC        Table_K2
  X:0344H         PUBLIC        Humidity
  B:0020H.1       PUBLIC        Wifi_Reset_Flag
  C:27F0H         PUBLIC        _Handle_Char_SetTemp
  C:1A52H         PUBLIC        Key_Handle
  C:1E49H         PUBLIC        Set_Handle
  X:034AH         PUBLIC        Table_ON
  D:00D0H         PUBLIC        PSW
  -------         PROC          GPIO_CONFIG
  -------         DO            
  X:034EH         SYMBOL        GPIO_InitStructure
  -------         ENDDO         
  C:1F72H         LINE#         83
  C:1F72H         LINE#         84
  C:1F72H         LINE#         87
  C:1F78H         LINE#         88
  C:1F7DH         LINE#         89
  C:1F87H         LINE#         91
  C:1F8DH         LINE#         92
  C:1F92H         LINE#         93
BL51 BANKED LINKER/LOCATER V6.22.2.0                                                  03/04/2021  15:54:25  PAGE 10


  C:1F9DH         LINE#         95
  C:1FA3H         LINE#         96
  C:1FA9H         LINE#         97
  C:1FB4H         LINE#         98
  C:1FBCH         LINE#         100
  C:1FC2H         LINE#         101
  C:1FC7H         LINE#         102
  C:1FD2H         LINE#         104
  C:1FD8H         LINE#         105
  C:1FDDH         LINE#         106
  C:1FE8H         LINE#         108
  C:1FEEH         LINE#         109
  C:1FF4H         LINE#         110
  C:1FFFH         LINE#         111
  C:2001H         LINE#         112
  -------         ENDPROC       GPIO_CONFIG
  -------         PROC          I2C_CONFIG
  -------         DO            
  X:034EH         SYMBOL        I2C_InitStructure
  -------         ENDDO         
  C:2B92H         LINE#         115
  C:2B92H         LINE#         116
  C:2B92H         LINE#         118
  C:2B98H         LINE#         119
  C:2B9CH         LINE#         120
  C:2BA1H         LINE#         121
  C:2BA5H         LINE#         122
  C:2BABH         LINE#         123
  C:2BB0H         LINE#         125
  -------         ENDPROC       I2C_CONFIG
  -------         PROC          UART_CONFIG
  -------         DO            
  X:034EH         SYMBOL        COMx_InitStructure
  -------         ENDDO         
  C:26A2H         LINE#         129
  C:26A2H         LINE#         130
  C:26A2H         LINE#         132
  C:26A8H         LINE#         133
  C:26ACH         LINE#         134
  C:26B4H         LINE#         135
  C:26BAH         LINE#         136
  C:26BDH         LINE#         137
  C:26C0H         LINE#         138
  C:26C3H         LINE#         139
  C:26C5H         LINE#         140
  C:26D0H         LINE#         142
  C:26D6H         LINE#         143
  C:26E0H         LINE#         144
  C:26E6H         LINE#         145
  C:26EAH         LINE#         146
  C:26EDH         LINE#         147
  C:26EFH         LINE#         148
  -------         ENDPROC       UART_CONFIG
  -------         PROC          MAIN
  C:199CH         LINE#         156
  C:199CH         LINE#         157
  C:199CH         LINE#         158
BL51 BANKED LINKER/LOCATER V6.22.2.0                                                  03/04/2021  15:54:25  PAGE 11


  C:19A3H         LINE#         159
  C:19AAH         LINE#         160
  C:19ADH         LINE#         161
  C:19B0H         LINE#         162
  C:19B3H         LINE#         163
  C:19B6H         LINE#         164
  C:19B9H         LINE#         165
  C:19BCH         LINE#         166
  C:19BEH         LINE#         169
  C:19C0H         LINE#         171
  C:19C6H         LINE#         172
  C:19CFH         LINE#         173
  C:19D6H         LINE#         174
  C:19DFH         LINE#         175
  C:19E4H         LINE#         176
  C:19E7H         LINE#         178
  C:19E7H         LINE#         179
  C:19E7H         LINE#         180
  C:19EAH         LINE#         182
  C:19FEH         LINE#         183
  C:19FEH         LINE#         184
  C:19FEH         LINE#         185
  C:1A02H         LINE#         187
  C:1A04H         LINE#         188
  C:1A04H         LINE#         189
  C:1A0DH         LINE#         191
  C:1A0FH         LINE#         192
  C:1A0FH         LINE#         193
  C:1A11H         LINE#         195
  C:1A13H         LINE#         196
  C:1A13H         LINE#         197
  C:1A27H         LINE#         199
  C:1A29H         LINE#         200
  C:1A29H         LINE#         201
  C:1A2BH         LINE#         203
  C:1A2BH         LINE#         204
  C:1A2BH         LINE#         205
  C:1A2BH         LINE#         207
  C:1A2EH         LINE#         208
  C:1A31H         LINE#         213
  C:1A3CH         LINE#         214
  C:1A47H         LINE#         216
  C:1A4AH         LINE#         217
  C:1A4DH         LINE#         218
  C:1A50H         LINE#         219
  -------         ENDPROC       MAIN
  -------         PROC          _HANDLE_CHAR_TEMP
  D:0002H         SYMBOL        dat
  C:2649H         LINE#         229
  C:264DH         LINE#         230
  C:264DH         LINE#         231
  C:2662H         LINE#         232
  C:2679H         LINE#         233
  C:267DH         LINE#         234
  C:268DH         LINE#         235
  C:2691H         LINE#         236
  C:2694H         LINE#         238
BL51 BANKED LINKER/LOCATER V6.22.2.0                                                  03/04/2021  15:54:25  PAGE 12


  C:2699H         LINE#         239
  -------         ENDPROC       _HANDLE_CHAR_TEMP
  -------         PROC          _HANDLE_CHAR_HUM
  D:0002H         SYMBOL        dat
  C:25EFH         LINE#         248
  C:25F3H         LINE#         249
  C:25F3H         LINE#         250
  C:2608H         LINE#         251
  C:261FH         LINE#         252
  C:2623H         LINE#         253
  C:2633H         LINE#         254
  C:2637H         LINE#         255
  C:263AH         LINE#         257
  C:2640H         LINE#         258
  -------         ENDPROC       _HANDLE_CHAR_HUM
  -------         PROC          _HANDLE_CHAR_SETTEMP
  D:0002H         SYMBOL        dat
  C:27F0H         LINE#         267
  C:27F4H         LINE#         268
  C:27F4H         LINE#         269
  C:2802H         LINE#         270
  C:281FH         LINE#         271
  C:2823H         LINE#         272
  C:2833H         LINE#         273
  C:2836H         LINE#         274
  -------         ENDPROC       _HANDLE_CHAR_SETTEMP
  -------         PROC          LCD_DISPLAY
  C:18C7H         LINE#         282
  C:18C7H         LINE#         283
  C:18C7H         LINE#         284
  C:18D2H         LINE#         285
  C:18D9H         LINE#         286
  C:18E2H         LINE#         287
  C:18EDH         LINE#         288
  C:18F4H         LINE#         289
  C:18FDH         LINE#         291
  C:1903H         LINE#         292
  C:1903H         LINE#         293
  C:1909H         LINE#         294
  C:1912H         LINE#         295
  C:1919H         LINE#         296
  C:1922H         LINE#         297
  C:1922H         LINE#         298
  C:192AH         LINE#         299
  C:192AH         LINE#         300
  C:1930H         LINE#         301
  C:1939H         LINE#         302
  C:1940H         LINE#         303
  C:1949H         LINE#         304
  C:1949H         LINE#         306
  C:1950H         LINE#         307
  C:1959H         LINE#         308
  C:1960H         LINE#         309
  C:1965H         LINE#         310
  C:196BH         LINE#         312
  C:1972H         LINE#         314
  C:1979H         LINE#         315
BL51 BANKED LINKER/LOCATER V6.22.2.0                                                  03/04/2021  15:54:25  PAGE 13


  C:1982H         LINE#         316
  C:1989H         LINE#         317
  C:198EH         LINE#         318
  C:1994H         LINE#         320
  C:199BH         LINE#         321
  -------         ENDPROC       LCD_DISPLAY
  -------         PROC          KEY_HANDLE
  C:1A52H         LINE#         329
  C:1A52H         LINE#         330
  C:1A52H         LINE#         331
  C:1A55H         LINE#         332
  C:1A55H         LINE#         333
  C:1A5AH         LINE#         334
  C:1A5DH         LINE#         335
  C:1A5DH         LINE#         336
  C:1A62H         LINE#         337
  C:1A65H         LINE#         338
  C:1A65H         LINE#         339
  C:1A68H         LINE#         340
  C:1A6BH         LINE#         341
  C:1A6BH         LINE#         342
  C:1A6BH         LINE#         343
  C:1A6BH         LINE#         345
  C:1A6EH         LINE#         346
  C:1A6EH         LINE#         347
  C:1A75H         LINE#         348
  C:1A78H         LINE#         349
  C:1A7EH         LINE#         350
  C:1A86H         LINE#         351
  C:1A87H         LINE#         352
  C:1A87H         LINE#         353
  C:1A8DH         LINE#         354
  C:1A8DH         LINE#         355
  C:1A90H         LINE#         356
  C:1A90H         LINE#         357
  C:1A96H         LINE#         358
  C:1A99H         LINE#         359
  C:1AA7H         LINE#         360
  C:1AA7H         LINE#         362
  C:1AAAH         LINE#         363
  C:1AAAH         LINE#         364
  C:1AB1H         LINE#         365
  C:1AB4H         LINE#         366
  C:1AC2H         LINE#         367
  C:1AC2H         LINE#         368
  C:1AC2H         LINE#         369
  C:1ACAH         LINE#         370
  C:1ACAH         LINE#         371
  C:1ACDH         LINE#         372
  C:1ACDH         LINE#         373
  C:1AD3H         LINE#         374
  C:1AD6H         LINE#         375
  C:1AE4H         LINE#         376
  C:1AE4H         LINE#         378
  C:1AE7H         LINE#         379
  C:1AE7H         LINE#         380
  C:1AEEH         LINE#         381
BL51 BANKED LINKER/LOCATER V6.22.2.0                                                  03/04/2021  15:54:25  PAGE 14


  C:1AF1H         LINE#         382
  C:1AFFH         LINE#         383
  C:1AFFH         LINE#         384
  C:1AFFH         LINE#         385
  -------         ENDPROC       KEY_HANDLE
  -------         PROC          SET_HANDLE
  C:1E49H         LINE#         393
  C:1E49H         LINE#         394
  C:1E49H         LINE#         395
  C:1E60H         LINE#         396
  C:1E60H         LINE#         397
  C:1E62H         LINE#         398
  C:1E64H         LINE#         399
  C:1E64H         LINE#         400
  C:1E6BH         LINE#         401
  C:1E6BH         LINE#         402
  C:1E83H         LINE#         403
  C:1E83H         LINE#         404
  C:1E85H         LINE#         405
  C:1E87H         LINE#         406
  C:1E87H         LINE#         407
  C:1E99H         LINE#         408
  C:1E99H         LINE#         409
  C:1E9BH         LINE#         410
  C:1E9DH         LINE#         411
  C:1E9DH         LINE#         412
  C:1E9DH         LINE#         413
  C:1EB3H         LINE#         414
  C:1EB3H         LINE#         415
  C:1EC4H         LINE#         416
  C:1EC4H         LINE#         417
  C:1EC6H         LINE#         418
  C:1EC8H         LINE#         419
  C:1EC8H         LINE#         420
  C:1EDAH         LINE#         421
  C:1EDAH         LINE#         422
  C:1EDCH         LINE#         423
  C:1EDEH         LINE#         424
  C:1EDEH         LINE#         425
  C:1EDEH         LINE#         426
  -------         ENDPROC       SET_HANDLE
  -------         ENDMOD        MAIN

  -------         MODULE        DELAY
  C:0000H         SYMBOL        _ICE_DUMMY_
  D:0080H         PUBLIC        P0
  D:0090H         PUBLIC        P1
  D:00A0H         PUBLIC        P2
  D:00B0H         PUBLIC        P3
  D:00C0H         PUBLIC        P4
  D:00C8H         PUBLIC        P5
  D:00E8H         PUBLIC        P6
  D:00F8H         PUBLIC        P7
  D:00A8H         PUBLIC        IE
  D:00B8H         PUBLIC        IP
  D:00D8H         PUBLIC        CCON
  D:0098H         PUBLIC        SCON
BL51 BANKED LINKER/LOCATER V6.22.2.0                                                  03/04/2021  15:54:25  PAGE 15


  D:0088H         PUBLIC        TCON
  D:00F0H         PUBLIC        B
  D:00E0H         PUBLIC        ACC
  C:2C59H         PUBLIC        _delay_ms
  C:2CFFH         PUBLIC        _delay_us
  C:2CC0H         PUBLIC        _delay_s
  D:00D0H         PUBLIC        PSW
  -------         PROC          _DELAY_MS
  D:0006H         SYMBOL        ms
  -------         DO            
  D:0004H         SYMBOL        i
  -------         ENDDO         
  C:2C59H         LINE#         30
  C:2C59H         LINE#         31
  C:2C59H         LINE#         33
  C:2C59H         LINE#         34
  C:2C5DH         LINE#         35
  C:2C66H         LINE#         36
  C:2C6FH         LINE#         37
  -------         ENDPROC       _DELAY_MS
  -------         PROC          _DELAY_US
  D:0006H         SYMBOL        us
  -------         DO            
  D:0005H         SYMBOL        i
  -------         ENDDO         
  C:2CFFH         LINE#         40
  C:2CFFH         LINE#         41
  C:2CFFH         LINE#         43
  C:2CFFH         LINE#         44
  C:2D01H         LINE#         45
  C:2D03H         LINE#         46
  C:2D0CH         LINE#         47
  -------         ENDPROC       _DELAY_US
  -------         PROC          _DELAY_S
  D:0007H         SYMBOL        s
  -------         DO            
  D:0006H         SYMBOL        i
  D:0005H         SYMBOL        j
  D:0004H         SYMBOL        k
  -------         ENDDO         
  C:2CC0H         LINE#         49
  C:2CC0H         LINE#         50
  C:2CC0H         LINE#         53
  C:2CC0H         LINE#         54
  C:2CC1H         LINE#         55
  C:2CC2H         LINE#         56
  C:2CC4H         LINE#         57
  C:2CC6H         LINE#         58
  C:2CC8H         LINE#         60
  C:2CC8H         LINE#         62
  C:2CC8H         LINE#         63
  C:2CCAH         LINE#         64
  C:2CCCH         LINE#         65
  C:2CCEH         LINE#         66
  C:2CD0H         LINE#         67
  -------         ENDPROC       _DELAY_S
  -------         ENDMOD        DELAY
BL51 BANKED LINKER/LOCATER V6.22.2.0                                                  03/04/2021  15:54:25  PAGE 16



  -------         MODULE        GPIO
  C:0000H         SYMBOL        _ICE_DUMMY_
  D:0093H         PUBLIC        P0M1
  D:0092H         PUBLIC        P1M0
  D:0096H         PUBLIC        P2M0
  D:0091H         PUBLIC        P1M1
  D:0080H         PUBLIC        P0
  D:00B2H         PUBLIC        P3M0
  D:0095H         PUBLIC        P2M1
  D:0090H         PUBLIC        P1
  D:00B4H         PUBLIC        P4M0
  D:00B1H         PUBLIC        P3M1
  D:00A0H         PUBLIC        P2
  D:00CAH         PUBLIC        P5M0
  D:00B3H         PUBLIC        P4M1
  D:00B0H         PUBLIC        P3
  D:00CCH         PUBLIC        P6M0
  D:00C9H         PUBLIC        P5M1
  D:00C0H         PUBLIC        P4
  D:00E2H         PUBLIC        P7M0
  D:00CBH         PUBLIC        P6M1
  D:00C8H         PUBLIC        P5
  D:00E8H         PUBLIC        P6
  D:00E1H         PUBLIC        P7M1
  D:00F8H         PUBLIC        P7
  D:00A8H         PUBLIC        IE
  D:00B8H         PUBLIC        IP
  D:00D8H         PUBLIC        CCON
  D:0098H         PUBLIC        SCON
  D:0088H         PUBLIC        TCON
  D:00F0H         PUBLIC        B
  D:00E0H         PUBLIC        ACC
  C:0C0AH         PUBLIC        _GPIO_Inilize
  D:00D0H         PUBLIC        PSW
  D:0094H         PUBLIC        P0M0
  -------         PROC          _GPIO_INILIZE
  D:0007H         SYMBOL        GPIO
  D:0001H         SYMBOL        GPIOx
  C:0C0AH         LINE#         28
  C:0C0AH         LINE#         29
  C:0C0AH         LINE#         30
  C:0C17H         LINE#         31
  C:0C27H         LINE#         32
  C:0C2AH         LINE#         33
  C:0C2AH         LINE#         34
  C:0C38H         LINE#         35
  C:0C4AH         LINE#         36
  C:0C5CH         LINE#         37
  C:0C6EH         LINE#         38
  C:0C6EH         LINE#         39
  C:0C73H         LINE#         40
  C:0C73H         LINE#         41
  C:0C84H         LINE#         42
  C:0C94H         LINE#         43
  C:0CA5H         LINE#         44
  C:0CB9H         LINE#         45
BL51 BANKED LINKER/LOCATER V6.22.2.0                                                  03/04/2021  15:54:25  PAGE 17


  C:0CB9H         LINE#         46
  C:0CBEH         LINE#         47
  C:0CBEH         LINE#         48
  C:0CCFH         LINE#         49
  C:0CDFH         LINE#         50
  C:0CF0H         LINE#         51
  C:0D04H         LINE#         52
  C:0D04H         LINE#         53
  C:0D09H         LINE#         54
  C:0D09H         LINE#         55
  C:0D1AH         LINE#         56
  C:0D2AH         LINE#         57
  C:0D3BH         LINE#         58
  C:0D4FH         LINE#         59
  C:0D4FH         LINE#         60
  C:0D54H         LINE#         61
  C:0D54H         LINE#         62
  C:0D65H         LINE#         63
  C:0D75H         LINE#         64
  C:0D86H         LINE#         65
  C:0D9AH         LINE#         66
  C:0D9AH         LINE#         67
  C:0D9FH         LINE#         68
  C:0D9FH         LINE#         69
  C:0DB0H         LINE#         70
  C:0DC0H         LINE#         71
  C:0DD1H         LINE#         72
  C:0DE5H         LINE#         73
  C:0DE5H         LINE#         74
  C:0DEAH         LINE#         75
  C:0DEAH         LINE#         76
  C:0DFBH         LINE#         77
  C:0E0BH         LINE#         78
  C:0E1CH         LINE#         79
  C:0E30H         LINE#         80
  C:0E30H         LINE#         81
  C:0E35H         LINE#         82
  C:0E35H         LINE#         83
  C:0E48H         LINE#         84
  C:0E59H         LINE#         85
  C:0E6AH         LINE#         86
  C:0E7EH         LINE#         87
  C:0E7EH         LINE#         88
  C:0E80H         LINE#         89
  -------         ENDPROC       _GPIO_INILIZE
  -------         ENDMOD        GPIO

  -------         MODULE        I2C
  C:0000H         SYMBOL        _ICE_DUMMY_
  D:0080H         PUBLIC        P0
  D:0090H         PUBLIC        P1
  D:00A0H         PUBLIC        P2
  D:00B0H         PUBLIC        P3
  C:2933H         PUBLIC        _ReadNbyte
  D:00C0H         PUBLIC        P4
  D:00C8H         PUBLIC        P5
  D:00E8H         PUBLIC        P6
BL51 BANKED LINKER/LOCATER V6.22.2.0                                                  03/04/2021  15:54:25  PAGE 18


  D:00F8H         PUBLIC        P7
  C:2D0DH         PUBLIC        _SendData
  D:00BAH         PUBLIC        P_SW2
  D:00A8H         PUBLIC        IE
  C:2CE1H         PUBLIC        RecvData
  C:2D7CH         PUBLIC        Start
  C:296CH         PUBLIC        _WriteNbyte
  C:2D51H         PUBLIC        Wait
  D:00B8H         PUBLIC        IP
  D:00D8H         PUBLIC        CCON
  C:2D85H         PUBLIC        Stop
  D:0098H         PUBLIC        SCON
  C:0026H         PUBLIC        _Readbyte
  C:16E9H         PUBLIC        _I2C_Init
  D:0088H         PUBLIC        TCON
  D:00F0H         PUBLIC        B
  C:2C23H         PUBLIC        _Writebyte
  D:00E0H         PUBLIC        ACC
  X:020EH         PUBLIC        I2C_RxBuffer
  C:2C87H         PUBLIC        I2C_Isr
  C:2D1BH         PUBLIC        SendACK
  C:0018H         PUBLIC        RecvACK
  C:2CF0H         PUBLIC        SendNAK
  D:00D0H         PUBLIC        PSW
  -------         PROC          _I2C_INIT
  D:0001H         SYMBOL        I2Cx
  C:16E9H         LINE#         30
  C:16E9H         LINE#         31
  C:16E9H         LINE#         32
  C:16ECH         LINE#         34
  C:16F6H         LINE#         35
  C:16F6H         LINE#         36
  C:16FDH         LINE#         37
  C:1702H         LINE#         38
  C:1717H         LINE#         39
  C:1725H         LINE#         40
  C:1735H         LINE#         41
  C:1735H         LINE#         42
  C:1738H         LINE#         44
  C:1738H         LINE#         45
  C:173FH         LINE#         46
  C:1744H         LINE#         47
  C:1757H         LINE#         48
  C:175BH         LINE#         49
  C:176EH         LINE#         50
  C:1772H         LINE#         51
  C:1785H         LINE#         52
  C:1789H         LINE#         53
  C:179CH         LINE#         54
  C:17A0H         LINE#         55
  C:17B1H         LINE#         56
  C:17C4H         LINE#         57
  C:17C8H         LINE#         58
  C:17C8H         LINE#         60
  C:17D6H         LINE#         61
  C:17EBH         LINE#         63
  C:17EEH         LINE#         64
BL51 BANKED LINKER/LOCATER V6.22.2.0                                                  03/04/2021  15:54:25  PAGE 19


  -------         ENDPROC       _I2C_INIT
  -------         PROC          WAIT
  C:2D51H         LINE#         73
  C:2D51H         LINE#         74
  C:2D51H         LINE#         75
  C:2D58H         LINE#         76
  C:2D5CH         LINE#         77
  -------         ENDPROC       WAIT
  -------         PROC          START
  C:2D7CH         LINE#         86
  C:2D7CH         LINE#         87
  C:2D7CH         LINE#         88
  C:2D82H         LINE#         89
  -------         ENDPROC       START
  -------         PROC          _SENDDATA
  D:0007H         SYMBOL        dat
  C:2D0DH         LINE#         99
  C:2D0DH         LINE#         100
  C:2D0DH         LINE#         101
  C:2D12H         LINE#         102
  C:2D18H         LINE#         103
  -------         ENDPROC       _SENDDATA
  -------         PROC          L?0044
  -------         ENDPROC       L?0044
  -------         PROC          RECVACK
  C:0018H         LINE#         113
  C:0018H         LINE#         114
  C:0018H         LINE#         115
  C:001EH         LINE#         116
  -------         ENDPROC       RECVACK
  -------         PROC          RECVDATA
  C:2CE1H         LINE#         126
  C:2CE1H         LINE#         127
  C:2CE1H         LINE#         128
  C:2CE7H         LINE#         129
  C:2CEAH         LINE#         130
  C:2CEFH         LINE#         131
  -------         ENDPROC       RECVDATA
  -------         PROC          SENDACK
  C:2D1BH         LINE#         140
  C:2D1BH         LINE#         141
  C:2D1BH         LINE#         142
  C:2D20H         LINE#         143
  C:2D26H         LINE#         144
  -------         ENDPROC       SENDACK
  -------         PROC          SENDNAK
  C:2CF0H         LINE#         154
  C:2CF0H         LINE#         155
  C:2CF0H         LINE#         156
  C:2CF6H         LINE#         157
  C:2CFCH         LINE#         158
  -------         ENDPROC       SENDNAK
  -------         PROC          STOP
  C:2D85H         LINE#         168
  C:2D85H         LINE#         169
  C:2D85H         LINE#         170
  C:2D8BH         LINE#         171
BL51 BANKED LINKER/LOCATER V6.22.2.0                                                  03/04/2021  15:54:25  PAGE 20


  -------         ENDPROC       STOP
  -------         PROC          _WRITEBYTE
  D:0007H         SYMBOL        addr
  D:0005H         SYMBOL        dat
  C:2C23H         LINE#         182
  C:2C23H         LINE#         183
  C:2C23H         LINE#         184
  C:2C26H         LINE#         185
  C:2C29H         LINE#         186
  C:2C2CH         LINE#         187
  C:2C2FH         LINE#         188
  C:2C34H         LINE#         189
  C:2C37H         LINE#         190
  C:2C3AH         LINE#         191
  C:2C3DH         LINE#         192
  -------         ENDPROC       _WRITEBYTE
  -------         PROC          _WRITENBYTE
  D:0006H         SYMBOL        addr
  X:03C1H         SYMBOL        p
  X:03C4H         SYMBOL        number
  C:296CH         LINE#         201
  C:2977H         LINE#         202
  C:2977H         LINE#         203
  C:2977H         LINE#         204
  C:2977H         LINE#         205
  C:2977H         LINE#         206
  C:2977H         LINE#         207
  C:2977H         LINE#         208
  C:297AH         LINE#         210
  C:297AH         LINE#         211
  C:2991H         LINE#         212
  C:2994H         LINE#         213
  C:2994H         LINE#         214
  C:299CH         LINE#         215
  C:299FH         LINE#         216
  C:29A2H         LINE#         217
  -------         ENDPROC       _WRITENBYTE
  -------         PROC          _READBYTE
  D:0007H         SYMBOL        addr
  -------         DO            
  D:0007H         SYMBOL        dat
  -------         ENDDO         
  C:0026H         LINE#         226
  C:0026H         LINE#         227
  C:0026H         LINE#         229
  C:0029H         LINE#         230
  C:002CH         LINE#         231
  C:0032H         LINE#         232
  C:0035H         LINE#         233
  C:0038H         LINE#         234
  C:003BH         LINE#         235
  C:003EH         LINE#         236
  C:0041H         LINE#         237
  C:0041H         LINE#         238
  -------         ENDPROC       _READBYTE
  -------         PROC          _READNBYTE
  D:0006H         SYMBOL        addr
BL51 BANKED LINKER/LOCATER V6.22.2.0                                                  03/04/2021  15:54:25  PAGE 21


  D:0001H         SYMBOL        p
  X:03C9H         SYMBOL        number
  C:2933H         LINE#         247
  C:2933H         LINE#         248
  C:2933H         LINE#         249
  C:2933H         LINE#         250
  C:2933H         LINE#         251
  C:2933H         LINE#         252
  C:2933H         LINE#         253
  C:2933H         LINE#         254
  C:2936H         LINE#         255
  C:2939H         LINE#         256
  C:293EH         LINE#         257
  C:2941H         LINE#         259
  C:2941H         LINE#         260
  C:2948H         LINE#         261
  C:294FH         LINE#         262
  C:295AH         LINE#         263
  C:295AH         LINE#         264
  C:2962H         LINE#         265
  C:2965H         LINE#         266
  C:2968H         LINE#         267
  C:296BH         LINE#         268
  -------         ENDPROC       _READNBYTE
  -------         PROC          I2C_ISR
  -------         DO            
  D:0007H         SYMBOL        store
  -------         ENDDO         
  C:2C87H         LINE#         277
  C:2C8EH         LINE#         281
  C:2C90H         LINE#         282
  C:2C93H         LINE#         286
  C:2C95H         LINE#         287
  -------         ENDPROC       I2C_ISR
  -------         ENDMOD        I2C

  -------         MODULE        UART
  C:0000H         SYMBOL        _ICE_DUMMY_
  C:07F0H         PUBLIC        _UART_Configuration
  D:0080H         PUBLIC        P0
  D:0090H         PUBLIC        P1
  D:00A0H         PUBLIC        P2
  D:00B0H         PUBLIC        P3
  D:00C0H         PUBLIC        P4
  D:00C8H         PUBLIC        P5
  D:00E8H         PUBLIC        P6
  D:00F8H         PUBLIC        P7
  D:00A2H         PUBLIC        P_SW1
  D:00BAH         PUBLIC        P_SW2
  D:00A8H         PUBLIC        IE
  X:0000H         PUBLIC        COM1
  X:0007H         PUBLIC        COM2
  D:00B6H         PUBLIC        IP2H
  B:00A8H.4       PUBLIC        ES
  D:00B8H         PUBLIC        IP
  X:000EH         PUBLIC        RX1_Buffer
  X:008EH         PUBLIC        RX2_Buffer
BL51 BANKED LINKER/LOCATER V6.22.2.0                                                  03/04/2021  15:54:25  PAGE 22


  B:0098H.0       PUBLIC        RI
  C:1C5AH         PUBLIC        UART1_int
  X:010EH         PUBLIC        TX1_Buffer
  C:1B00H         PUBLIC        UART2_int
  X:018EH         PUBLIC        TX2_Buffer
  B:0098H.1       PUBLIC        TI
  B:00B8H.4       PUBLIC        PS
  D:00D8H         PUBLIC        CCON
  D:0099H         PUBLIC        SBUF
  D:0087H         PUBLIC        PCON
  D:0098H         PUBLIC        SCON
  D:0089H         PUBLIC        TMOD
  D:0088H         PUBLIC        TCON
  C:2C9AH         PUBLIC        _PrintString1
  C:2CADH         PUBLIC        _PrintString2
  D:00AFH         PUBLIC        IE2
  D:00F0H         PUBLIC        B
  D:008EH         PUBLIC        AUXR
  C:2AC3H         PUBLIC        _TX1_write2buff
  C:2A6BH         PUBLIC        _TX2_write2buff
  D:00E0H         PUBLIC        ACC
  B:00A8H.3       PUBLIC        ET1
  D:00B5H         PUBLIC        IP2
  D:008DH         PUBLIC        TH1
  D:00D6H         PUBLIC        TH2
  D:008BH         PUBLIC        TL1
  D:00D7H         PUBLIC        TL2
  B:0088H.6       PUBLIC        TR1
  D:00B7H         PUBLIC        IPH
  D:009BH         PUBLIC        S2BUF
  B:0098H.4       PUBLIC        REN
  D:009AH         PUBLIC        S2CON
  D:008FH         PUBLIC        INT_CLKO
  D:00D0H         PUBLIC        PSW
  -------         PROC          _UART_CONFIGURATION
  X:035AH         SYMBOL        UARTx
  X:035BH         SYMBOL        COMx
  -------         DO            
  X:035EH         SYMBOL        i
  X:035FH         SYMBOL        j
  -------         ENDDO         
  C:07F0H         LINE#         37
  C:0800H         LINE#         38
  C:0800H         LINE#         43
  C:0807H         LINE#         44
  C:0807H         LINE#         45
  C:080CH         LINE#         46
  C:080FH         LINE#         47
  C:0811H         LINE#         48
  C:0813H         LINE#         49
  C:0815H         LINE#         50
  C:0817H         LINE#         51
  C:0819H         LINE#         52
  C:083FH         LINE#         53
  C:0866H         LINE#         55
  C:0886H         LINE#         56
  C:08C6H         LINE#         57
BL51 BANKED LINKER/LOCATER V6.22.2.0                                                  03/04/2021  15:54:25  PAGE 23


  C:08D8H         LINE#         58
  C:08E3H         LINE#         59
  C:08F1H         LINE#         60
  C:08F1H         LINE#         61
  C:0908H         LINE#         62
  C:0925H         LINE#         63
  C:0947H         LINE#         64
  C:095FH         LINE#         65
  C:095FH         LINE#         66
  C:0961H         LINE#         67
  C:0964H         LINE#         68
  C:0967H         LINE#         69
  C:096AH         LINE#         70
  C:096DH         LINE#         71
  C:0982H         LINE#         72
  C:098BH         LINE#         73
  C:098DH         LINE#         74
  C:0990H         LINE#         75
  C:0993H         LINE#         76
  C:0995H         LINE#         77
  C:0997H         LINE#         78
  C:099DH         LINE#         79
  C:099DH         LINE#         80
  C:09A0H         LINE#         81
  C:09A3H         LINE#         82
  C:09A6H         LINE#         83
  C:09A9H         LINE#         84
  C:09BEH         LINE#         85
  C:09C7H         LINE#         86
  C:09CAH         LINE#         87
  C:09CDH         LINE#         88
  C:09CFH         LINE#         89
  C:09D2H         LINE#         90
  C:09D2H         LINE#         91
  C:09E5H         LINE#         92
  C:09E5H         LINE#         93
  C:09F4H         LINE#         94
  C:09F7H         LINE#         95
  C:09F9H         LINE#         96
  C:09FFH         LINE#         97
  C:09FFH         LINE#         98
  C:0A0EH         LINE#         99
  C:0A11H         LINE#         100
  C:0A11H         LINE#         101
  C:0A2AH         LINE#         102
  C:0A2CH         LINE#         103
  C:0A3AH         LINE#         104
  C:0A3CH         LINE#         105
  C:0A4CH         LINE#         106
  C:0A4FH         LINE#         107
  C:0A4FH         LINE#         110
  C:0A5AH         LINE#         111
  C:0A5AH         LINE#         112
  C:0A60H         LINE#         113
  C:0A63H         LINE#         114
  C:0A65H         LINE#         115
  C:0A67H         LINE#         116
BL51 BANKED LINKER/LOCATER V6.22.2.0                                                  03/04/2021  15:54:25  PAGE 24


  C:0A69H         LINE#         117
  C:0A6BH         LINE#         118
  C:0A6DH         LINE#         119
  C:0A93H         LINE#         120
  C:0ABAH         LINE#         122
  C:0AD5H         LINE#         123
  C:0AD5H         LINE#         124
  C:0AEAH         LINE#         125
  C:0B2EH         LINE#         126
  C:0B3AH         LINE#         127
  C:0B3DH         LINE#         128
  C:0B54H         LINE#         129
  C:0B71H         LINE#         130
  C:0B93H         LINE#         131
  C:0B96H         LINE#         132
  C:0B99H         LINE#         133
  C:0B9CH         LINE#         134
  C:0BB1H         LINE#         135
  C:0BBAH         LINE#         136
  C:0BBDH         LINE#         137
  C:0BC0H         LINE#         138
  C:0BC2H         LINE#         139
  C:0BC5H         LINE#         140
  C:0BDFH         LINE#         141
  C:0BE2H         LINE#         142
  C:0BF1H         LINE#         143
  C:0BF4H         LINE#         144
  C:0C04H         LINE#         145
  C:0C07H         LINE#         146
  C:0C07H         LINE#         250
  C:0C09H         LINE#         251
  -------         ENDPROC       _UART_CONFIGURATION
  -------         PROC          _TX1_WRITE2BUFF
  D:0007H         SYMBOL        dat
  C:2AC3H         LINE#         257
  C:2AC3H         LINE#         258
  C:2AC3H         LINE#         259
  C:2AD2H         LINE#         260
  C:2AE3H         LINE#         262
  C:2AE9H         LINE#         263
  C:2AE9H         LINE#         264
  C:2AEBH         LINE#         265
  C:2AEDH         LINE#         266
  C:2AEDH         LINE#         267
  -------         ENDPROC       _TX1_WRITE2BUFF
  -------         PROC          _PRINTSTRING1
  D:0001H         SYMBOL        puts
  C:2C9AH         LINE#         269
  C:2C9AH         LINE#         270
  C:2C9AH         LINE#         271
  C:2CACH         LINE#         272
  -------         ENDPROC       _PRINTSTRING1
  -------         PROC          UART1_INT
  C:1C5AH         LINE#         274
  C:1C77H         LINE#         276
  C:1C7AH         LINE#         277
  C:1C7AH         LINE#         278
BL51 BANKED LINKER/LOCATER V6.22.2.0                                                  03/04/2021  15:54:25  PAGE 25


  C:1C7CH         LINE#         279
  C:1C82H         LINE#         280
  C:1C82H         LINE#         281
  C:1C91H         LINE#         282
  C:1CA5H         LINE#         284
  C:1CAAH         LINE#         286
  C:1CB0H         LINE#         287
  C:1CB0H         LINE#         288
  C:1CB0H         LINE#         290
  C:1CB3H         LINE#         291
  C:1CB3H         LINE#         292
  C:1CB5H         LINE#         293
  C:1CC2H         LINE#         294
  C:1CC2H         LINE#         295
  C:1CCFH         LINE#         296
  C:1CE0H         LINE#         297
  C:1CE2H         LINE#         298
  C:1CE7H         LINE#         299
  C:1CE7H         LINE#         300
  -------         ENDPROC       UART1_INT
  -------         PROC          _TX2_WRITE2BUFF
  D:0007H         SYMBOL        dat
  C:2A6BH         LINE#         305
  C:2A6BH         LINE#         306
  C:2A6BH         LINE#         307
  C:2A7AH         LINE#         308
  C:2A8BH         LINE#         310
  C:2A91H         LINE#         311
  C:2A91H         LINE#         312
  C:2A93H         LINE#         313
  C:2A96H         LINE#         314
  C:2A96H         LINE#         315
  -------         ENDPROC       _TX2_WRITE2BUFF
  -------         PROC          _PRINTSTRING2
  D:0001H         SYMBOL        puts
  C:2CADH         LINE#         317
  C:2CADH         LINE#         318
  C:2CADH         LINE#         319
  C:2CBFH         LINE#         320
  -------         ENDPROC       _PRINTSTRING2
  -------         PROC          UART2_INT
  C:1B00H         LINE#         322
  C:1B1DH         LINE#         324
  C:1B22H         LINE#         325
  C:1B22H         LINE#         326
  C:1B25H         LINE#         327
  C:1B2BH         LINE#         328
  C:1B2BH         LINE#         329
  C:1B3AH         LINE#         330
  C:1B4EH         LINE#         332
  C:1B53H         LINE#         334
  C:1B59H         LINE#         335
  C:1B59H         LINE#         336
  C:1B59H         LINE#         338
  C:1B5EH         LINE#         339
  C:1B5EH         LINE#         340
  C:1B61H         LINE#         341
BL51 BANKED LINKER/LOCATER V6.22.2.0                                                  03/04/2021  15:54:25  PAGE 26


  C:1B6EH         LINE#         342
  C:1B6EH         LINE#         343
  C:1B7BH         LINE#         344
  C:1B8CH         LINE#         345
  C:1B8EH         LINE#         346
  C:1B93H         LINE#         347
  C:1B93H         LINE#         348
  -------         ENDPROC       UART2_INT
  -------         ENDMOD        UART

  -------         MODULE        LCD1602
  C:0000H         SYMBOL        _ICE_DUMMY_
  D:0080H         PUBLIC        P0
  D:0090H         PUBLIC        P1
  D:00A0H         PUBLIC        P2
  D:00B0H         PUBLIC        P3
  D:00C0H         PUBLIC        P4
  D:00C8H         PUBLIC        P5
  D:00E8H         PUBLIC        P6
  D:00F8H         PUBLIC        P7
  D:00A8H         PUBLIC        IE
  D:00B8H         PUBLIC        IP
  D:00D8H         PUBLIC        CCON
  C:2A3DH         PUBLIC        _LCD1602_Display_NoXY
  D:0098H         PUBLIC        SCON
  D:0088H         PUBLIC        TCON
  D:00F0H         PUBLIC        B
  C:1DADH         PUBLIC        _LCD_Write
  C:00BBH         PUBLIC        LCD1602_ClearDisplay
  D:00E0H         PUBLIC        ACC
  C:2411H         PUBLIC        LCD_Init
  C:2B19H         PUBLIC        _LCD1602_GotoXY
  C:2B42H         PUBLIC        _LCD_En
  D:00D0H         PUBLIC        PSW
  -------         PROC          _LCD_EN
  X:0355H         SYMBOL        value
  C:2B42H         LINE#         22
  C:2B47H         LINE#         23
  C:2B47H         LINE#         24
  C:2B4FH         LINE#         25
  C:2B56H         LINE#         26
  C:2B5EH         LINE#         27
  C:2B63H         LINE#         28
  -------         ENDPROC       _LCD_EN
  C:1DA9H         SYMBOL        L?0015
  -------         PROC          L?0014
  -------         ENDPROC       L?0014
  C:1DA9H         SYMBOL        L?0015
  -------         PROC          _LCD_WRITE
  X:0351H         SYMBOL        mode
  D:0005H         SYMBOL        cmd
  -------         DO            
  X:0352H         SYMBOL        high
  X:0353H         SYMBOL        low
  X:0354H         SYMBOL        temp
  -------         ENDDO         
  C:1DADH         LINE#         37
BL51 BANKED LINKER/LOCATER V6.22.2.0                                                  03/04/2021  15:54:25  PAGE 27


  C:1DB2H         LINE#         38
  C:1DB2H         LINE#         41
  C:1DB9H         LINE#         42
  C:1DC3H         LINE#         44
  C:1DCDH         LINE#         45
  C:1DD0H         LINE#         47
  C:1DD8H         LINE#         48
  C:1DDFH         LINE#         50
  C:1DE8H         LINE#         51
  C:1DEBH         LINE#         52
  C:1DEDH         LINE#         53
  C:1DF6H         LINE#         54
  C:1DF6H         LINE#         56
  C:1E00H         LINE#         57
  C:1E04H         LINE#         59
  C:1E0FH         LINE#         60
  C:1E16H         LINE#         61
  C:1E24H         LINE#         63
  C:1E34H         LINE#         64
  C:1E3BH         LINE#         65
  -------         ENDPROC       _LCD_WRITE
  -------         PROC          LCD1602_CLEARDISPLAY
  C:00BBH         LINE#         75
  C:00BBH         LINE#         76
  C:00BBH         LINE#         77
  -------         ENDPROC       LCD1602_CLEARDISPLAY
  -------         PROC          LCD_INIT
  -------         DO            
  D:0007H         SYMBOL        temp
  -------         ENDDO         
  C:2411H         LINE#         87
  C:2411H         LINE#         88
  C:2411H         LINE#         90
  C:2418H         LINE#         91
  C:241BH         LINE#         92
  C:2422H         LINE#         93
  C:2425H         LINE#         94
  C:242CH         LINE#         95
  C:242FH         LINE#         96
  C:2436H         LINE#         97
  C:243DH         LINE#         98
  C:2444H         LINE#         103
  C:244BH         LINE#         104
  C:2450H         LINE#         105
  C:2453H         LINE#         107
  C:245AH         LINE#         108
  C:2461H         LINE#         109
  C:2468H         LINE#         110
  C:246FH         LINE#         111
  -------         ENDPROC       LCD_INIT
  -------         PROC          _LCD1602_GOTOXY
  X:034EH         SYMBOL        x
  X:034FH         SYMBOL        y
  C:2B19H         LINE#         120
  C:2B23H         LINE#         121
  C:2B23H         LINE#         122
  C:2B25H         LINE#         123
BL51 BANKED LINKER/LOCATER V6.22.2.0                                                  03/04/2021  15:54:25  PAGE 28


  C:2B2FH         LINE#         125
  C:2B37H         LINE#         126
  C:2B41H         LINE#         127
  -------         ENDPROC       _LCD1602_GOTOXY
  -------         PROC          _LCD1602_DISPLAY_NOXY
  X:034EH         SYMBOL        str
  C:2A3DH         LINE#         135
  C:2A48H         LINE#         136
  C:2A48H         LINE#         137
  C:2A59H         LINE#         138
  C:2A5EH         LINE#         139
  C:2A68H         LINE#         140
  C:2A6AH         LINE#         141
  -------         ENDPROC       _LCD1602_DISPLAY_NOXY
  -------         ENDMOD        LCD1602

  -------         MODULE        SHT30
  C:0000H         SYMBOL        _ICE_DUMMY_
  D:0080H         PUBLIC        P0
  D:0090H         PUBLIC        P1
  D:00A0H         PUBLIC        P2
  D:00B0H         PUBLIC        P3
  D:00C0H         PUBLIC        P4
  D:00C8H         PUBLIC        P5
  D:00E8H         PUBLIC        P6
  C:2BF2H         PUBLIC        _SHT30_CRC8_Check
  X:037DH         PUBLIC        SHT30_Humidity
  D:00F8H         PUBLIC        P7
  D:00BAH         PUBLIC        P_SW2
  D:00A8H         PUBLIC        IE
  D:00B8H         PUBLIC        IP
  D:00D8H         PUBLIC        CCON
  C:21F8H         PUBLIC        _Read_SHT30
  D:0098H         PUBLIC        SCON
  D:0088H         PUBLIC        TCON
  D:00F0H         PUBLIC        B
  D:00E0H         PUBLIC        ACC
  C:2AEEH         PUBLIC        SHT30_Init
  X:037FH         PUBLIC        SHT30_Temperature
  X:0381H         PUBLIC        read_sht_data
  C:233EH         PUBLIC        _CRC8_Compute
  C:17EFH         PUBLIC        SHT30_Data_Process
  D:00D0H         PUBLIC        PSW
  -------         PROC          SHT30_INIT
  C:2AEEH         LINE#         15
  C:2AEEH         LINE#         16
  C:2AEEH         LINE#         17
  C:2AF1H         LINE#         18
  C:2AF4H         LINE#         19
  C:2AF9H         LINE#         20
  C:2AFCH         LINE#         21
  C:2B01H         LINE#         22
  C:2B04H         LINE#         23
  C:2B09H         LINE#         24
  C:2B0CH         LINE#         25
  C:2B0FH         LINE#         26
  C:2B12H         LINE#         27
BL51 BANKED LINKER/LOCATER V6.22.2.0                                                  03/04/2021  15:54:25  PAGE 29


  -------         ENDPROC       SHT30_INIT
  -------         PROC          _READ_SHT30
  X:0354H         SYMBOL        p
  X:0357H         SYMBOL        number
  C:21F8H         LINE#         36
  C:2206H         LINE#         37
  C:2206H         LINE#         38
  C:2209H         LINE#         39
  C:220CH         LINE#         40
  C:2211H         LINE#         41
  C:2214H         LINE#         42
  C:2219H         LINE#         43
  C:221CH         LINE#         44
  C:2221H         LINE#         45
  C:2224H         LINE#         47
  C:2227H         LINE#         48
  C:222CH         LINE#         49
  C:222FH         LINE#         51
  C:222FH         LINE#         52
  C:2241H         LINE#         53
  C:224BH         LINE#         54
  C:2253H         LINE#         55
  C:2256H         LINE#         56
  C:2256H         LINE#         57
  C:225EH         LINE#         58
  C:2261H         LINE#         59
  C:2264H         LINE#         60
  C:2267H         LINE#         61
  -------         ENDPROC       _READ_SHT30
  -------         PROC          _CRC8_COMPUTE
  X:0359H         SYMBOL        check_data
  X:035CH         SYMBOL        num_of_data
  -------         DO            
  D:0007H         SYMBOL        i
  X:035DH         SYMBOL        crc
  D:0005H         SYMBOL        byteCtr
  -------         ENDDO         
  C:233EH         LINE#         69
  C:234CH         LINE#         70
  C:234CH         LINE#         72
  C:2350H         LINE#         76
  C:235CH         LINE#         77
  C:235CH         LINE#         78
  C:2379H         LINE#         81
  C:2385H         LINE#         82
  C:2385H         LINE#         83
  C:238CH         LINE#         84
  C:238CH         LINE#         85
  C:2391H         LINE#         86
  C:2393H         LINE#         88
  C:2393H         LINE#         89
  C:239AH         LINE#         90
  C:239AH         LINE#         91
  C:239DH         LINE#         92
  C:23A0H         LINE#         93
  C:23A7H         LINE#         94
  -------         ENDPROC       _CRC8_COMPUTE
BL51 BANKED LINKER/LOCATER V6.22.2.0                                                  03/04/2021  15:54:25  PAGE 30


  -------         PROC          L?0021
  -------         ENDPROC       L?0021
  -------         PROC          _SHT30_CRC8_CHECK
  D:0001H         SYMBOL        p
  D:0005H         SYMBOL        num_of_data
  X:0358H         SYMBOL        CrcData
  -------         DO            
  D:0007H         SYMBOL        crc
  -------         ENDDO         
  C:2BF2H         LINE#         102
  C:2BF2H         LINE#         103
  C:2BF2H         LINE#         105
  C:2BF5H         LINE#         106
  C:2BFCH         LINE#         107
  C:2BFCH         LINE#         108
  C:2C01H         LINE#         109
  C:2C01H         LINE#         110
  C:2C04H         LINE#         111
  -------         ENDPROC       _SHT30_CRC8_CHECK
  -------         PROC          SHT30_DATA_PROCESS
  -------         DO            
  X:034EH         SYMBOL        temporary
  X:0351H         SYMBOL        Data_convert
  X:0353H         SYMBOL        crc_result
  -------         ENDDO         
  C:17EFH         LINE#         119
  C:17EFH         LINE#         120
  C:17EFH         LINE#         125
  C:17FAH         LINE#         126
  C:1802H         LINE#         127
  C:180AH         LINE#         128
  C:180DH         LINE#         130
  C:1815H         LINE#         132
  C:1817H         LINE#         133
  C:1817H         LINE#         134
  C:1829H         LINE#         138
  C:1865H         LINE#         139
  C:1865H         LINE#         141
  C:186DH         LINE#         142
  C:1875H         LINE#         143
  C:1878H         LINE#         145
  C:1880H         LINE#         147
  C:1882H         LINE#         148
  C:1882H         LINE#         149
  C:1894H         LINE#         153
  C:18C6H         LINE#         154
  C:18C6H         LINE#         155
  -------         ENDPROC       SHT30_DATA_PROCESS
  -------         ENDMOD        SHT30

  -------         MODULE        PROTOCOL
  C:0000H         SYMBOL        _ICE_DUMMY_
  D:0080H         PUBLIC        P0
  D:0090H         PUBLIC        P1
  D:00A0H         PUBLIC        P2
  D:00B0H         PUBLIC        P3
  D:00C0H         PUBLIC        P4
BL51 BANKED LINKER/LOCATER V6.22.2.0                                                  03/04/2021  15:54:25  PAGE 31


  D:00C8H         PUBLIC        P5
  D:00E8H         PUBLIC        P6
  D:00F8H         PUBLIC        P7
  D:00A8H         PUBLIC        IE
  D:00B8H         PUBLIC        IP
  C:2DADH         PUBLIC        get_download_cmd_total
  C:29A3H         PUBLIC        all_data_update
  D:00D8H         PUBLIC        CCON
  C:2CD1H         PUBLIC        _uart_transmit_output
  D:0098H         PUBLIC        SCON
  D:0088H         PUBLIC        TCON
  B:00C8H.4       PUBLIC        P54
  D:00F0H         PUBLIC        B
  D:00E0H         PUBLIC        ACC
  C:2D8EH         PUBLIC        _wifi_test_result
  C:2C05H         SYMBOL        _dp_download_switch_handle
  C:2C3EH         PUBLIC        _dp_download_handle
  X:03A8H         PUBLIC        download_cmd
  D:00D0H         PUBLIC        PSW
  -------         PROC          _UART_TRANSMIT_OUTPUT
  X:0371H         SYMBOL        value
  C:2CD1H         LINE#         100
  C:2CD6H         LINE#         101
  C:2CD6H         LINE#         102
  C:2CD9H         LINE#         103
  -------         ENDPROC       _UART_TRANSMIT_OUTPUT
  -------         PROC          ALL_DATA_UPDATE
  C:29A3H         LINE#         138
  C:29A3H         LINE#         139
  C:29A3H         LINE#         140
  C:29B9H         LINE#         141
  C:29CFH         LINE#         142
  -------         ENDPROC       ALL_DATA_UPDATE
  -------         PROC          _DP_DOWNLOAD_SWITCH_HANDLE
  D:0001H         SYMBOL        value
  D:0004H         SYMBOL        length
  -------         DO            
  D:0007H         SYMBOL        ret
  D:0007H         SYMBOL        switch_1
  -------         ENDDO         
  C:2C05H         LINE#         168
  C:2C05H         LINE#         169
  C:2C05H         LINE#         175
  C:2C08H         LINE#         176
  C:2C0BH         LINE#         177
  C:2C0DH         LINE#         179
  C:2C0FH         LINE#         180
  C:2C11H         LINE#         182
  C:2C11H         LINE#         185
  C:2C18H         LINE#         186
  C:2C1DH         LINE#         187
  C:2C20H         LINE#         189
  C:2C22H         LINE#         190
  -------         ENDPROC       _DP_DOWNLOAD_SWITCH_HANDLE
  -------         PROC          _DP_DOWNLOAD_HANDLE
  D:0007H         SYMBOL        dpid
  D:0001H         SYMBOL        value
BL51 BANKED LINKER/LOCATER V6.22.2.0                                                  03/04/2021  15:54:25  PAGE 32


  X:0366H         SYMBOL        length
  -------         DO            
  X:0368H         SYMBOL        ret
  -------         ENDDO         
  C:2C3EH         LINE#         210
  C:2C3EH         LINE#         211
  C:2C3EH         LINE#         218
  C:2C43H         LINE#         219
  C:2C43H         LINE#         221
  C:2C53H         LINE#         222
  C:2C53H         LINE#         225
  C:2C53H         LINE#         226
  C:2C53H         LINE#         227
  C:2C53H         LINE#         228
  C:2C58H         LINE#         229
  -------         ENDPROC       _DP_DOWNLOAD_HANDLE
  -------         PROC          GET_DOWNLOAD_CMD_TOTAL
  C:2DADH         LINE#         237
  C:2DADH         LINE#         238
  C:2DADH         LINE#         239
  C:2DAFH         LINE#         240
  -------         ENDPROC       GET_DOWNLOAD_CMD_TOTAL
  -------         PROC          _WIFI_TEST_RESULT
  X:035BH         SYMBOL        result
  X:035CH         SYMBOL        rssi
  C:2D8EH         LINE#         356
  C:2D96H         LINE#         357
  C:2D96H         LINE#         359
  C:2D96H         LINE#         361
  C:2D96H         LINE#         363
  C:2D96H         LINE#         365
  C:2D96H         LINE#         366
  C:2D96H         LINE#         369
  C:2D96H         LINE#         370
  -------         ENDPROC       _WIFI_TEST_RESULT
  -------         ENDMOD        PROTOCOL

  -------         MODULE        MCU_API
  C:0000H         SYMBOL        _ICE_DUMMY_
  C:2D97H         PUBLIC        mcu_get_reset_wifi_flag
  C:2C70H         PUBLIC        _mcu_set_wifi_mode
  C:2539H         PUBLIC        _mcu_dp_raw_update
  C:2187H         PUBLIC        _hex_to_bcd
  C:1BAEH         PUBLIC        _uart_receive_input
  C:2D9DH         PUBLIC        mcu_get_wifimode_flag
  C:2B6AH         PUBLIC        wifi_protocol_init
  C:287BH         PUBLIC        _uart_receive_buff_input
  C:2DA3H         PUBLIC        mcu_get_wifi_work_state
  C:0E81H         PUBLIC        wifi_uart_service
  C:1498H         PUBLIC        _byte_to_int
  C:24D9H         PUBLIC        _int_to_byte
  C:2D68H         PUBLIC        mcu_start_wifitest
  C:1079H         PUBLIC        _my_memcpy
  C:26FAH         PUBLIC        _my_memset
  C:2D5DH         PUBLIC        _mcu_get_dp_download_value
  C:2D29H         PUBLIC        mcu_reset_wifi
  C:2594H         PUBLIC        _mcu_dp_string_update
BL51 BANKED LINKER/LOCATER V6.22.2.0                                                  03/04/2021  15:54:25  PAGE 33


  C:11E0H         PUBLIC        _mcu_dp_fault_update
  C:0046H         PUBLIC        _my_strlen
  C:1D02H         PUBLIC        _mcu_dp_value_update
  C:2114H         PUBLIC        _my_strcmp
  C:2D37H         PUBLIC        _mcu_get_dp_download_bool
  C:1EDFH         PUBLIC        _my_strcpy
  C:2837H         PUBLIC        _mcu_dp_bool_update
  C:2D44H         PUBLIC        _mcu_get_dp_download_enum
  C:28BAH         PUBLIC        _mcu_dp_enum_update
  -------         PROC          _HEX_TO_BCD
  D:0007H         SYMBOL        Value_H
  D:0005H         SYMBOL        Value_L
  -------         DO            
  D:0007H         SYMBOL        bcd_value
  -------         ENDDO         
  C:2187H         LINE#         30
  C:2187H         LINE#         31
  C:2187H         LINE#         34
  C:2193H         LINE#         35
  C:2199H         LINE#         36
  C:21A5H         LINE#         37
  C:21ABH         LINE#         38
  C:21B7H         LINE#         39
  C:21BBH         LINE#         41
  C:21BEH         LINE#         43
  C:21C2H         LINE#         44
  C:21CEH         LINE#         45
  C:21D4H         LINE#         46
  C:21E0H         LINE#         47
  C:21E2H         LINE#         48
  C:21EEH         LINE#         49
  C:21F2H         LINE#         51
  C:21F7H         LINE#         53
  C:21F7H         LINE#         54
  -------         ENDPROC       _HEX_TO_BCD
  -------         PROC          _MY_STRLEN
  X:0366H         SYMBOL        str
  -------         DO            
  X:0369H         SYMBOL        len
  -------         ENDDO         
  C:0046H         LINE#         61
  C:0051H         LINE#         62
  C:0051H         LINE#         63
  C:0059H         LINE#         64
  C:0067H         LINE#         65
  C:006CH         LINE#         66
  C:006CH         LINE#         68
  C:008BH         LINE#         69
  C:00AAH         LINE#         70
  C:00ACH         LINE#         72
  C:00BAH         LINE#         73
  -------         ENDPROC       _MY_STRLEN
  -------         PROC          _MY_MEMSET
  X:0388H         SYMBOL        src
  D:0005H         SYMBOL        ch
  X:038CH         SYMBOL        count
  -------         DO            
BL51 BANKED LINKER/LOCATER V6.22.2.0                                                  03/04/2021  15:54:25  PAGE 34


  X:038EH         SYMBOL        tmp
  -------         ENDDO         
  C:26FAH         LINE#         82
  C:2705H         LINE#         83
  C:2705H         LINE#         84
  C:2710H         LINE#         86
  C:271EH         LINE#         87
  C:2722H         LINE#         88
  C:2722H         LINE#         90
  C:2730H         LINE#         91
  C:2744H         LINE#         92
  C:2746H         LINE#         94
  C:2751H         LINE#         95
  -------         ENDPROC       _MY_MEMSET
  -------         PROC          _MY_MEMCPY
  X:036DH         SYMBOL        dest
  X:0370H         SYMBOL        src
  X:0373H         SYMBOL        count
  -------         DO            
  X:0375H         SYMBOL        pdest
  X:0378H         SYMBOL        psrc
  X:037BH         SYMBOL        i
  -------         ENDDO         
  C:1079H         LINE#         104
  C:1084H         LINE#         105
  C:1084H         LINE#         106
  C:108FH         LINE#         107
  C:10A4H         LINE#         110
  C:10BEH         LINE#         111
  C:10C5H         LINE#         112
  C:10C5H         LINE#         114
  C:1121H         LINE#         115
  C:1141H         LINE#         116
  C:1167H         LINE#         117
  C:1177H         LINE#         118
  C:1177H         LINE#         119
  C:1196H         LINE#         120
  C:11C4H         LINE#         121
  C:11D4H         LINE#         122
  C:11D4H         LINE#         124
  C:11DFH         LINE#         125
  -------         ENDPROC       _MY_MEMCPY
  -------         PROC          _MY_STRCPY
  X:0391H         SYMBOL        dest
  X:0394H         SYMBOL        src
  -------         DO            
  X:0397H         SYMBOL        p
  -------         ENDDO         
  C:1EDFH         LINE#         133
  C:1EEAH         LINE#         134
  C:1EEAH         LINE#         137
  C:1F04H         LINE#         138
  C:1F0BH         LINE#         139
  C:1F0BH         LINE#         140
  C:1F1FH         LINE#         141
  C:1F2FH         LINE#         142
  C:1F55H         LINE#         143
BL51 BANKED LINKER/LOCATER V6.22.2.0                                                  03/04/2021  15:54:25  PAGE 35


[...]
  C:0FBAH         LINE#         690
  C:0FBAH         LINE#         693
  C:1000H         LINE#         696
  C:100EH         LINE#         697
  C:1011H         LINE#         698
  C:1011H         LINE#         700
  C:1014H         LINE#         701
  C:1028H         LINE#         702
  C:102BH         LINE#         704
  C:1044H         LINE#         705
  C:104CH         LINE#         706
  C:1078H         LINE#         707
  C:1078H         LINE#         708
  -------         ENDPROC       WIFI_UART_SERVICE
BL51 BANKED LINKER/LOCATER V6.22.2.0                                                  03/04/2021  15:54:25  PAGE 40


  -------         PROC          WIFI_PROTOCOL_INIT
  C:2B6AH         LINE#         716
  C:2B6AH         LINE#         717
  C:2B6AH         LINE#         719
  C:2B78H         LINE#         720
  C:2B86H         LINE#         722
  C:2B8BH         LINE#         725
  C:2B91H         LINE#         727
  -------         ENDPROC       WIFI_PROTOCOL_INIT
  -------         PROC          MCU_GET_RESET_WIFI_FLAG
  C:2D97H         LINE#         741
  C:2D97H         LINE#         742
  C:2D97H         LINE#         743
  C:2D9CH         LINE#         744
  -------         ENDPROC       MCU_GET_RESET_WIFI_FLAG
  -------         PROC          MCU_RESET_WIFI
  C:2D29H         LINE#         753
  C:2D29H         LINE#         754
  C:2D29H         LINE#         755
  C:2D2EH         LINE#         757
  -------         ENDPROC       MCU_RESET_WIFI
  -------         PROC          MCU_GET_WIFIMODE_FLAG
  C:2D9DH         LINE#         769
  C:2D9DH         LINE#         770
  C:2D9DH         LINE#         771
  C:2DA2H         LINE#         772
  -------         ENDPROC       MCU_GET_WIFIMODE_FLAG
  -------         PROC          _MCU_SET_WIFI_MODE
  D:0005H         SYMBOL        mode
  -------         DO            
  D:0007H         SYMBOL        length
  -------         ENDDO         
  C:2C70H         LINE#         784
  C:2C72H         LINE#         785
  C:2C72H         LINE#         786
  C:2C74H         LINE#         788
  C:2C78H         LINE#         790
  C:2C7CH         LINE#         792
  -------         ENDPROC       _MCU_SET_WIFI_MODE
  -------         PROC          MCU_GET_WIFI_WORK_STATE
  C:2DA3H         LINE#         808
  C:2DA3H         LINE#         809
  C:2DA3H         LINE#         810
  C:2DA8H         LINE#         811
  -------         ENDPROC       MCU_GET_WIFI_WORK_STATE
  -------         PROC          MCU_START_WIFITEST
  C:2D68H         LINE#         847
  C:2D68H         LINE#         848
  C:2D68H         LINE#         849
  -------         ENDPROC       MCU_START_WIFITEST
  -------         ENDMOD        MCU_API

  -------         MODULE        SYSTEM
  C:0000H         SYMBOL        _ICE_DUMMY_
  C:2A0EH         SYMBOL        _get_dowmload_dpid_index
  C:2D72H         SYMBOL        get_mcu_wifi_mode
  C:2BB9H         SYMBOL        heat_beat_check
BL51 BANKED LINKER/LOCATER V6.22.2.0                                                  03/04/2021  15:54:25  PAGE 41


  X:028FH         PUBLIC        set_wifimode_flag
  C:2A97H         PUBLIC        _set_wifi_uart_byte
  C:29D9H         PUBLIC        with_data_rxbuff
  X:0290H         PUBLIC        stop_update_flag
  C:2476H         PUBLIC        take_byte_rxbuff
  X:0291H         PUBLIC        wifi_data_process_buf
  X:02B0H         PUBLIC        reset_wifi_flag
  X:02B1H         PUBLIC        wifi_uart_rx_buf
  X:02C8H         PUBLIC        wifi_uart_tx_buf
  X:02FFH         PUBLIC        rx_buf_in
  C:2929H         SYMBOL        _?ix1000
  X:0302H         PUBLIC        rx_buf_out
  C:23A8H         PUBLIC        _wifi_uart_write_frame
  C:27A6H         PUBLIC        _get_check_sum
  C:2752H         SYMBOL        _wifi_uart_write_data
  X:0305H         PUBLIC        wifi_work_state
  C:2271H         PUBLIC        _set_wifi_uart_buffer
  C:133FH         PUBLIC        _data_handle
  C:208EH         SYMBOL        _data_point_handle
  C:15D0H         SYMBOL        product_info_update
  -------         PROC          _SET_WIFI_UART_BYTE
  X:036AH         SYMBOL        dest
  D:0005H         SYMBOL        byte
  -------         DO            
  D:0001H         SYMBOL        obj
  -------         ENDDO         
  C:2A97H         LINE#         34
  C:2A9FH         LINE#         35
  C:2A9FH         LINE#         36
  C:2AA8H         LINE#         38
  C:2AACH         LINE#         39
  C:2ABAH         LINE#         41
  C:2AC2H         LINE#         42
  -------         ENDPROC       _SET_WIFI_UART_BYTE
  -------         PROC          L?0056
  -------         ENDPROC       L?0056
  -------         PROC          _SET_WIFI_UART_BUFFER
  X:0366H         SYMBOL        dest
  X:0368H         SYMBOL        src
  X:036BH         SYMBOL        len
  -------         DO            
  D:0001H         SYMBOL        obj
  -------         ENDDO         
  C:2271H         LINE#         51
  C:2284H         LINE#         52
  C:2284H         LINE#         53
  C:228DH         LINE#         55
  C:22BAH         LINE#         57
  C:22CEH         LINE#         58
  C:22D3H         LINE#         59
  -------         ENDPROC       _SET_WIFI_UART_BUFFER
  -------         PROC          _GET_CHECK_SUM
  X:036CH         SYMBOL        pack
  X:036FH         SYMBOL        pack_len
  -------         DO            
  D:0006H         SYMBOL        i
  X:0371H         SYMBOL        check_sum
BL51 BANKED LINKER/LOCATER V6.22.2.0                                                  03/04/2021  15:54:25  PAGE 42


  -------         ENDDO         
  C:27A6H         LINE#         67
  C:27B7H         LINE#         68
  C:27B7H         LINE#         70
  C:27BAH         LINE#         72
  C:27C9H         LINE#         73
  C:27E3H         LINE#         74
  C:27EAH         LINE#         76
  C:27EFH         LINE#         77
  -------         ENDPROC       _GET_CHECK_SUM
  -------         PROC          _WIFI_UART_WRITE_DATA
  X:036CH         SYMBOL        in
  X:036FH         SYMBOL        len
  C:2752H         LINE#         85
  C:2763H         LINE#         86
  C:2763H         LINE#         87
  C:2779H         LINE#         89
  C:2779H         LINE#         91
  C:2787H         LINE#         92
  C:2799H         LINE#         93
  C:27A3H         LINE#         94
  C:27A5H         LINE#         95
  -------         ENDPROC       _WIFI_UART_WRITE_DATA
  -------         PROC          _WIFI_UART_WRITE_FRAME
  D:0007H         SYMBOL        fr_type
  D:0005H         SYMBOL        fr_ver
  X:036AH         SYMBOL        len
  -------         DO            
  D:0006H         SYMBOL        check_sum
  -------         ENDDO         
  C:23A8H         LINE#         104
  C:23B0H         LINE#         105
  C:23B0H         LINE#         106
  C:23B0H         LINE#         108
  C:23B6H         LINE#         109
  C:23BAH         LINE#         110
  C:23BDH         LINE#         111
  C:23C0H         LINE#         112
  C:23CDH         LINE#         113
  C:23D0H         LINE#         115
  C:23DEH         LINE#         116
  C:23F5H         LINE#         117
  C:2408H         LINE#         119
  -------         ENDPROC       _WIFI_UART_WRITE_FRAME
  -------         PROC          HEAT_BEAT_CHECK
  -------         DO            
  D:0007H         SYMBOL        length
  X:028EH         SYMBOL        mcu_reset_state
  -------         ENDDO         
  C:2BB9H         LINE#         127
  C:2BB9H         LINE#         128
  C:2BB9H         LINE#         129
  C:2BBBH         LINE#         132
  C:2BC1H         LINE#         133
  C:2BC6H         LINE#         134
  C:2BCCH         LINE#         135
  C:2BCEH         LINE#         136
BL51 BANKED LINKER/LOCATER V6.22.2.0                                                  03/04/2021  15:54:25  PAGE 43


  C:2BD5H         LINE#         137
  C:2BD5H         LINE#         139
  -------         ENDPROC       HEAT_BEAT_CHECK
  -------         PROC          PRODUCT_INFO_UPDATE
  -------         DO            
  X:035BH         SYMBOL        length
  X:035CH         SYMBOL        str
  -------         ENDDO         
  C:15D0H         LINE#         147
  C:15D0H         LINE#         148
  C:15D0H         LINE#         149
  C:15D5H         LINE#         150
  C:15E7H         LINE#         152
  C:1604H         LINE#         153
  C:1621H         LINE#         154
  C:1647H         LINE#         155
  C:166DH         LINE#         156
  C:1693H         LINE#         157
  C:16B9H         LINE#         175
  C:16DFH         LINE#         177
  -------         ENDPROC       PRODUCT_INFO_UPDATE
  -------         PROC          GET_MCU_WIFI_MODE
  -------         DO            
  D:0007H         SYMBOL        length
  -------         ENDDO         
  C:2D72H         LINE#         185
  C:2D72H         LINE#         186
  C:2D72H         LINE#         187
  C:2D73H         LINE#         196
  -------         ENDPROC       GET_MCU_WIFI_MODE
  -------         PROC          _GET_DOWMLOAD_DPID_INDEX
  X:0362H         SYMBOL        dpid
  -------         DO            
  D:0006H         SYMBOL        index
  D:0007H         SYMBOL        total
  -------         ENDDO         
  C:2A0EH         LINE#         204
  C:2A13H         LINE#         205
  C:2A13H         LINE#         207
  C:2A16H         LINE#         209
  C:2A1DH         LINE#         210
  C:2A37H         LINE#         211
  C:2A37H         LINE#         212
  C:2A37H         LINE#         213
  C:2A3AH         LINE#         215
  C:2A3CH         LINE#         216
  -------         ENDPROC       _GET_DOWMLOAD_DPID_INDEX
  -------         PROC          _DATA_POINT_HANDLE
  X:035BH         SYMBOL        value
  -------         DO            
  X:035EH         SYMBOL        dp_id
  D:0007H         SYMBOL        index
  X:035FH         SYMBOL        dp_type
  D:0007H         SYMBOL        ret
  X:0360H         SYMBOL        dp_len
  -------         ENDDO         
  C:208EH         LINE#         223
BL51 BANKED LINKER/LOCATER V6.22.2.0                                                  03/04/2021  15:54:25  PAGE 44


  C:2099H         LINE#         224
  C:2099H         LINE#         230
  C:20A1H         LINE#         231
  C:20ABH         LINE#         232
  C:20B8H         LINE#         233
  C:20CCH         LINE#         235
  C:20D1H         LINE#         237
  C:20E9H         LINE#         239
  C:20ECH         LINE#         240
  C:20ECH         LINE#         241
  C:2113H         LINE#         242
  C:2113H         LINE#         244
  C:2113H         LINE#         245
  -------         ENDPROC       _DATA_POINT_HANDLE
  -------         PROC          _DATA_HANDLE
  X:0352H         SYMBOL        offset
  -------         DO            
  X:0354H         SYMBOL        dp_len
  X:0356H         SYMBOL        ret
  X:0357H         SYMBOL        i
  X:0359H         SYMBOL        total_len
  D:0007H         SYMBOL        cmd_type
  D:0005H         SYMBOL        result
  D:0006H         SYMBOL        rssi
  -------         ENDDO         
  C:133FH         LINE#         391
  C:1347H         LINE#         392
  C:1347H         LINE#         406
  C:1359H         LINE#         424
  C:137BH         LINE#         425
  C:137BH         LINE#         426
  C:137BH         LINE#         427
  C:137EH         LINE#         428
  C:137EH         LINE#         430
  C:137EH         LINE#         431
  C:1381H         LINE#         432
  C:1381H         LINE#         434
  C:1381H         LINE#         435
  C:1384H         LINE#         436
  C:1384H         LINE#         439
  C:1384H         LINE#         440
  C:1399H         LINE#         441
  C:13A3H         LINE#         448
  C:13A3H         LINE#         450
  C:13A3H         LINE#         451
  C:13A6H         LINE#         452
  C:13A8H         LINE#         454
  C:13A8H         LINE#         455
  C:13AEH         LINE#         456
  C:13AFH         LINE#         459
  C:13AFH         LINE#         460
  C:13D8H         LINE#         462
  C:13F7H         LINE#         463
  C:141BH         LINE#         464
  C:1434H         LINE#         466
  C:1452H         LINE#         468
  C:1452H         LINE#         470
BL51 BANKED LINKER/LOCATER V6.22.2.0                                                  03/04/2021  15:54:25  PAGE 45


  C:1452H         LINE#         472
  C:1452H         LINE#         474
  C:146CH         LINE#         475
  C:146FH         LINE#         476
  C:146FH         LINE#         478
  C:146FH         LINE#         479
  C:1472H         LINE#         480
  C:1472H         LINE#         557
  C:1472H         LINE#         558
  C:1485H         LINE#         559
  C:1491H         LINE#         560
  C:1497H         LINE#         561
  C:1497H         LINE#         725
  C:1497H         LINE#         726
  C:1497H         LINE#         727
  -------         ENDPROC       _DATA_HANDLE
  -------         PROC          WITH_DATA_RXBUFF
  C:29D9H         LINE#         734
  C:29D9H         LINE#         735
  C:29D9H         LINE#         736
  C:2A08H         LINE#         737
  C:2A0BH         LINE#         739
  C:2A0DH         LINE#         740
  -------         ENDPROC       WITH_DATA_RXBUFF
  -------         PROC          TAKE_BYTE_RXBUFF
  -------         DO            
  D:0007H         SYMBOL        value
  -------         ENDDO         
  C:2476H         LINE#         747
  C:2476H         LINE#         748
  C:2476H         LINE#         751
  C:24A3H         LINE#         753
  C:24B6H         LINE#         755
  C:24C4H         LINE#         756
  C:24C4H         LINE#         758
  C:24D8H         LINE#         759
  C:24D8H         LINE#         761
  C:24D8H         LINE#         762
  -------         ENDPROC       TAKE_BYTE_RXBUFF
  -------         ENDMOD        SYSTEM

  -------         MODULE        ?C?FPADD
  C:00CDH         PUBLIC        ?C?FPADD
  C:00C9H         PUBLIC        ?C?FPSUB
  -------         ENDMOD        ?C?FPADD

  -------         MODULE        ?C?FPMUL
  C:01BEH         PUBLIC        ?C?FPMUL
  -------         ENDMOD        ?C?FPMUL

  -------         MODULE        ?C?FPDIV
  C:02C7H         PUBLIC        ?C?FPDIV
  -------         ENDMOD        ?C?FPDIV

  -------         MODULE        ?C?FCAST
  C:036EH         PUBLIC        ?C?FCASTC
  C:0369H         PUBLIC        ?C?FCASTI
BL51 BANKED LINKER/LOCATER V6.22.2.0                                                  03/04/2021  15:54:25  PAGE 46


  C:0364H         PUBLIC        ?C?FCASTL
  -------         ENDMOD        ?C?FCAST

  -------         MODULE        ?C?CASTF
  C:03A2H         PUBLIC        ?C?CASTF
  -------         ENDMOD        ?C?CASTF

  -------         MODULE        ?C?COPY
  C:04F3H         PUBLIC        ?C?COPY
  -------         ENDMOD        ?C?COPY

  -------         MODULE        ?C?CLDPTR
  C:0519H         PUBLIC        ?C?CLDPTR
  -------         ENDMOD        ?C?CLDPTR

  -------         MODULE        ?C?CLDOPTR
  C:0532H         PUBLIC        ?C?CLDOPTR
  -------         ENDMOD        ?C?CLDOPTR

  -------         MODULE        ?C?CSTPTR
  C:055FH         PUBLIC        ?C?CSTPTR
  -------         ENDMOD        ?C?CSTPTR

  -------         MODULE        ?C?CSTOPTR
  C:0571H         PUBLIC        ?C?CSTOPTR
  -------         ENDMOD        ?C?CSTOPTR

  -------         MODULE        ?C?UIDIV
  C:0593H         PUBLIC        ?C?UIDIV
  -------         ENDMOD        ?C?UIDIV

  -------         MODULE        ?C?IILDX
  C:05E8H         PUBLIC        ?C?IILDX
  -------         ENDMOD        ?C?IILDX

  -------         MODULE        ?C?ILDIX
  C:05FEH         PUBLIC        ?C?ILDIX
  -------         ENDMOD        ?C?ILDIX

  -------         MODULE        ?C?ULDIV
  C:0650H         PUBLIC        ?C?ULDIV
  -------         ENDMOD        ?C?ULDIV

  -------         MODULE        ?C?LNEG
  C:06E2H         PUBLIC        ?C?LNEG
  -------         ENDMOD        ?C?LNEG

  -------         MODULE        ?C?ULCMP
  C:06F0H         PUBLIC        ?C?ULCMP
  -------         ENDMOD        ?C?ULCMP

  -------         MODULE        ?C?ULSHR
  C:0701H         PUBLIC        ?C?ULSHR
  -------         ENDMOD        ?C?ULSHR

  -------         MODULE        ?C?LSHL
  C:0714H         PUBLIC        ?C?LSHL
BL51 BANKED LINKER/LOCATER V6.22.2.0                                                  03/04/2021  15:54:25  PAGE 47


  -------         ENDMOD        ?C?LSHL

  -------         MODULE        ?C?LLDOPTR0
  C:0727H         PUBLIC        ?C?LLDOPTR0
  -------         ENDMOD        ?C?LLDOPTR0

  -------         MODULE        ?C?LSTXDATA
  C:0757H         PUBLIC        ?C?LSTXDATA
  -------         ENDMOD        ?C?LSTXDATA

  -------         MODULE        ?C?LSTKXDATA
  C:0763H         PUBLIC        ?C?LSTKXDATA
  -------         ENDMOD        ?C?LSTKXDATA

  -------         MODULE        ?C?CCASE
  C:0794H         PUBLIC        ?C?CCASE
  -------         ENDMOD        ?C?CCASE

  -------         MODULE        ?C?LLDIDATA0
  C:07BAH         PUBLIC        ?C?LLDIDATA0
  -------         ENDMOD        ?C?LLDIDATA0

  -------         MODULE        ?C?LLDXDATA0
  C:07C7H         PUBLIC        ?C?LLDXDATA0
  -------         ENDMOD        ?C?LLDXDATA0

  -------         MODULE        ?C?LLDPDATA0
  C:07D3H         PUBLIC        ?C?LLDPDATA0
  -------         ENDMOD        ?C?LLDPDATA0

  -------         MODULE        ?C?LLDCODE0
  C:07E0H         PUBLIC        ?C?LLDCODE0
  -------         ENDMOD        ?C?LLDCODE0

*** WARNING L16: UNCALLED SEGMENT, IGNORED FOR OVERLAY PROCESS
    SEGMENT: ?PR?_WRITENBYTE?I2C

*** WARNING L16: UNCALLED SEGMENT, IGNORED FOR OVERLAY PROCESS
    SEGMENT: ?PR?_READNBYTE?I2C

*** WARNING L16: UNCALLED SEGMENT, IGNORED FOR OVERLAY PROCESS
    SEGMENT: ?PR?_PRINTSTRING1?UART

*** WARNING L16: UNCALLED SEGMENT, IGNORED FOR OVERLAY PROCESS
    SEGMENT: ?PR?_PRINTSTRING2?UART

*** WARNING L16: UNCALLED SEGMENT, IGNORED FOR OVERLAY PROCESS
    SEGMENT: ?PR?_HEX_TO_BCD?MCU_API

*** WARNING L16: UNCALLED SEGMENT, IGNORED FOR OVERLAY PROCESS
    SEGMENT: ?PR?_MY_MEMSET?MCU_API

*** WARNING L16: UNCALLED SEGMENT, IGNORED FOR OVERLAY PROCESS
    SEGMENT: ?PR?_MY_STRCPY?MCU_API

*** WARNING L16: UNCALLED SEGMENT, IGNORED FOR OVERLAY PROCESS
    SEGMENT: ?PR?_MY_STRCMP?MCU_API
BL51 BANKED LINKER/LOCATER V6.22.2.0                                                  03/04/2021  15:54:25  PAGE 48



*** WARNING L16: UNCALLED SEGMENT, IGNORED FOR OVERLAY PROCESS
    SEGMENT: ?PR?_INT_TO_BYTE?MCU_API

*** WARNING L16: UNCALLED SEGMENT, IGNORED FOR OVERLAY PROCESS
    SEGMENT: ?PR?_MCU_DP_RAW_UPDATE?MCU_API

*** WARNING L16: UNCALLED SEGMENT, IGNORED FOR OVERLAY PROCESS
    SEGMENT: ?PR?_MCU_DP_STRING_UPDATE?MCU_API

*** WARNING L16: UNCALLED SEGMENT, IGNORED FOR OVERLAY PROCESS
    SEGMENT: ?PR?_MCU_DP_ENUM_UPDATE?MCU_API

*** WARNING L16: UNCALLED SEGMENT, IGNORED FOR OVERLAY PROCESS
    SEGMENT: ?PR?_MCU_DP_FAULT_UPDATE?MCU_API

*** WARNING L16: UNCALLED SEGMENT, IGNORED FOR OVERLAY PROCESS
    SEGMENT: ?PR?_MCU_GET_DP_DOWNLOAD_ENUM?MCU_API

*** WARNING L16: UNCALLED SEGMENT, IGNORED FOR OVERLAY PROCESS
    SEGMENT: ?PR?_MCU_GET_DP_DOWNLOAD_VALUE?MCU_API

*** WARNING L16: UNCALLED SEGMENT, IGNORED FOR OVERLAY PROCESS
    SEGMENT: ?PR?_UART_RECEIVE_BUFF_INPUT?MCU_API

*** WARNING L16: UNCALLED SEGMENT, IGNORED FOR OVERLAY PROCESS
    SEGMENT: ?PR?MCU_GET_RESET_WIFI_FLAG?MCU_API

*** WARNING L16: UNCALLED SEGMENT, IGNORED FOR OVERLAY PROCESS
    SEGMENT: ?PR?MCU_GET_WIFIMODE_FLAG?MCU_API

*** WARNING L16: UNCALLED SEGMENT, IGNORED FOR OVERLAY PROCESS
    SEGMENT: ?PR?_MCU_SET_WIFI_MODE?MCU_API

*** WARNING L16: UNCALLED SEGMENT, IGNORED FOR OVERLAY PROCESS
    SEGMENT: ?PR?MCU_START_WIFITEST?MCU_API

*** WARNING L15: MULTIPLE CALL TO SEGMENT
    SEGMENT: ?PR?_UART_RECEIVE_INPUT?MCU_API
    CALLER1: ?PR?UART1_INT?UART
    CALLER2: ?PR?UART2_INT?UART

Program Size: data=9.2 xdata=986 code=11692
LINK/LOCATE RUN COMPLETE.  21 WARNING(S),  0 ERROR(S)
